Archive member included to satisfy reference by file (symbol)

D:/Arquivos de Programas/STM32CubeIDE_1.18.0/STM32CubeIDE/plugins/com.st.stm32cube.ide.mcu.externaltools.gnu-tools-for-stm32.13.3.rel1.win32_1.0.0.202411081344/tools/bin/../lib/gcc/arm-none-eabi/13.3.1/../../../../arm-none-eabi/lib/thumb/v7e-m+fp/hard\libc_nano.a(libc_a-exit.o)
                              D:/Arquivos de Programas/STM32CubeIDE_1.18.0/STM32CubeIDE/plugins/com.st.stm32cube.ide.mcu.externaltools.gnu-tools-for-stm32.13.3.rel1.win32_1.0.0.202411081344/tools/bin/../lib/gcc/arm-none-eabi/13.3.1/../../../../arm-none-eabi/lib/thumb/v7e-m+fp/hard/crt0.o (exit)
D:/Arquivos de Programas/STM32CubeIDE_1.18.0/STM32CubeIDE/plugins/com.st.stm32cube.ide.mcu.externaltools.gnu-tools-for-stm32.13.3.rel1.win32_1.0.0.202411081344/tools/bin/../lib/gcc/arm-none-eabi/13.3.1/../../../../arm-none-eabi/lib/thumb/v7e-m+fp/hard\libc_nano.a(libc_a-findfp.o)
                              D:/Arquivos de Programas/STM32CubeIDE_1.18.0/STM32CubeIDE/plugins/com.st.stm32cube.ide.mcu.externaltools.gnu-tools-for-stm32.13.3.rel1.win32_1.0.0.202411081344/tools/bin/../lib/gcc/arm-none-eabi/13.3.1/../../../../arm-none-eabi/lib/thumb/v7e-m+fp/hard\libc_nano.a(libc_a-exit.o) (__stdio_exit_handler)
D:/Arquivos de Programas/STM32CubeIDE_1.18.0/STM32CubeIDE/plugins/com.st.stm32cube.ide.mcu.externaltools.gnu-tools-for-stm32.13.3.rel1.win32_1.0.0.202411081344/tools/bin/../lib/gcc/arm-none-eabi/13.3.1/../../../../arm-none-eabi/lib/thumb/v7e-m+fp/hard\libc_nano.a(libc_a-fwalk.o)
                              D:/Arquivos de Programas/STM32CubeIDE_1.18.0/STM32CubeIDE/plugins/com.st.stm32cube.ide.mcu.externaltools.gnu-tools-for-stm32.13.3.rel1.win32_1.0.0.202411081344/tools/bin/../lib/gcc/arm-none-eabi/13.3.1/../../../../arm-none-eabi/lib/thumb/v7e-m+fp/hard\libc_nano.a(libc_a-findfp.o) (_fwalk_sglue)
D:/Arquivos de Programas/STM32CubeIDE_1.18.0/STM32CubeIDE/plugins/com.st.stm32cube.ide.mcu.externaltools.gnu-tools-for-stm32.13.3.rel1.win32_1.0.0.202411081344/tools/bin/../lib/gcc/arm-none-eabi/13.3.1/../../../../arm-none-eabi/lib/thumb/v7e-m+fp/hard\libc_nano.a(libc_a-stdio.o)
                              D:/Arquivos de Programas/STM32CubeIDE_1.18.0/STM32CubeIDE/plugins/com.st.stm32cube.ide.mcu.externaltools.gnu-tools-for-stm32.13.3.rel1.win32_1.0.0.202411081344/tools/bin/../lib/gcc/arm-none-eabi/13.3.1/../../../../arm-none-eabi/lib/thumb/v7e-m+fp/hard\libc_nano.a(libc_a-findfp.o) (__sread)
D:/Arquivos de Programas/STM32CubeIDE_1.18.0/STM32CubeIDE/plugins/com.st.stm32cube.ide.mcu.externaltools.gnu-tools-for-stm32.13.3.rel1.win32_1.0.0.202411081344/tools/bin/../lib/gcc/arm-none-eabi/13.3.1/../../../../arm-none-eabi/lib/thumb/v7e-m+fp/hard\libc_nano.a(libc_a-memset.o)
                              D:/Arquivos de Programas/STM32CubeIDE_1.18.0/STM32CubeIDE/plugins/com.st.stm32cube.ide.mcu.externaltools.gnu-tools-for-stm32.13.3.rel1.win32_1.0.0.202411081344/tools/bin/../lib/gcc/arm-none-eabi/13.3.1/../../../../arm-none-eabi/lib/thumb/v7e-m+fp/hard/crt0.o (memset)
D:/Arquivos de Programas/STM32CubeIDE_1.18.0/STM32CubeIDE/plugins/com.st.stm32cube.ide.mcu.externaltools.gnu-tools-for-stm32.13.3.rel1.win32_1.0.0.202411081344/tools/bin/../lib/gcc/arm-none-eabi/13.3.1/../../../../arm-none-eabi/lib/thumb/v7e-m+fp/hard\libc_nano.a(libc_a-closer.o)
                              D:/Arquivos de Programas/STM32CubeIDE_1.18.0/STM32CubeIDE/plugins/com.st.stm32cube.ide.mcu.externaltools.gnu-tools-for-stm32.13.3.rel1.win32_1.0.0.202411081344/tools/bin/../lib/gcc/arm-none-eabi/13.3.1/../../../../arm-none-eabi/lib/thumb/v7e-m+fp/hard\libc_nano.a(libc_a-stdio.o) (_close_r)
D:/Arquivos de Programas/STM32CubeIDE_1.18.0/STM32CubeIDE/plugins/com.st.stm32cube.ide.mcu.externaltools.gnu-tools-for-stm32.13.3.rel1.win32_1.0.0.202411081344/tools/bin/../lib/gcc/arm-none-eabi/13.3.1/../../../../arm-none-eabi/lib/thumb/v7e-m+fp/hard\libc_nano.a(libc_a-reent.o)
                              D:/Arquivos de Programas/STM32CubeIDE_1.18.0/STM32CubeIDE/plugins/com.st.stm32cube.ide.mcu.externaltools.gnu-tools-for-stm32.13.3.rel1.win32_1.0.0.202411081344/tools/bin/../lib/gcc/arm-none-eabi/13.3.1/../../../../arm-none-eabi/lib/thumb/v7e-m+fp/hard\libc_nano.a(libc_a-closer.o) (errno)
D:/Arquivos de Programas/STM32CubeIDE_1.18.0/STM32CubeIDE/plugins/com.st.stm32cube.ide.mcu.externaltools.gnu-tools-for-stm32.13.3.rel1.win32_1.0.0.202411081344/tools/bin/../lib/gcc/arm-none-eabi/13.3.1/../../../../arm-none-eabi/lib/thumb/v7e-m+fp/hard\libc_nano.a(libc_a-impure.o)
                              D:/Arquivos de Programas/STM32CubeIDE_1.18.0/STM32CubeIDE/plugins/com.st.stm32cube.ide.mcu.externaltools.gnu-tools-for-stm32.13.3.rel1.win32_1.0.0.202411081344/tools/bin/../lib/gcc/arm-none-eabi/13.3.1/../../../../arm-none-eabi/lib/thumb/v7e-m+fp/hard\libc_nano.a(libc_a-reent.o) (_impure_ptr)
[...]
Memory Configuration

Name             Origin             Length             Attributes
CCMRAM           0x10000000         0x00010000         xrw
RAM              0x20000000         0x00020000         xrw
FLASH            0x08000000         0x00080000         xr
*default*        0x00000000         0xffffffff

Linker script and memory map

LOAD D:/Arquivos de Programas/STM32CubeIDE_1.18.0/STM32CubeIDE/plugins/com.st.stm32cube.ide.mcu.externaltools.gnu-tools-for-stm32.13.3.rel1.win32_1.0.0.202411081344/tools/bin/../lib/gcc/arm-none-eabi/13.3.1/thumb/v7e-m+fp/hard/crti.o
LOAD D:/Arquivos de Programas/STM32CubeIDE_1.18.0/STM32CubeIDE/plugins/com.st.stm32cube.ide.mcu.externaltools.gnu-tools-for-stm32.13.3.rel1.win32_1.0.0.202411081344/tools/bin/../lib/gcc/arm-none-eabi/13.3.1/thumb/v7e-m+fp/hard/crtbegin.o
LOAD D:/Arquivos de Programas/STM32CubeIDE_1.18.0/STM32CubeIDE/plugins/com.st.stm32cube.ide.mcu.externaltools.gnu-tools-for-stm32.13.3.rel1.win32_1.0.0.202411081344/tools/bin/../lib/gcc/arm-none-eabi/13.3.1/../../../../arm-none-eabi/lib/thumb/v7e-m+fp/hard/crt0.o
LOAD ./Core/Src/main.o
LOAD ./Core/Src/stm32f4xx_hal_msp.o
LOAD ./Core/Src/stm32f4xx_it.o
LOAD ./Core/Src/syscalls.o
LOAD ./Core/Src/sysmem.o
LOAD ./Core/Src/system_stm32f4xx.o
LOAD ./Core/Startup/startup_stm32f407vetx.o
LOAD ./Drivers/STM32F4xx_HAL_Driver/Src/stm32f4xx_hal.o
LOAD ./Drivers/STM32F4xx_HAL_Driver/Src/stm32f4xx_hal_cortex.o
LOAD ./Drivers/STM32F4xx_HAL_Driver/Src/stm32f4xx_hal_dma.o
LOAD ./Drivers/STM32F4xx_HAL_Driver/Src/stm32f4xx_hal_dma_ex.o
LOAD ./Drivers/STM32F4xx_HAL_Driver/Src/stm32f4xx_hal_exti.o
LOAD ./Drivers/STM32F4xx_HAL_Driver/Src/stm32f4xx_hal_flash.o
LOAD ./Drivers/STM32F4xx_HAL_Driver/Src/stm32f4xx_hal_flash_ex.o
LOAD ./Drivers/STM32F4xx_HAL_Driver/Src/stm32f4xx_hal_flash_ramfunc.o
LOAD ./Drivers/STM32F4xx_HAL_Driver/Src/stm32f4xx_hal_gpio.o
LOAD ./Drivers/STM32F4xx_HAL_Driver/Src/stm32f4xx_hal_pwr.o
LOAD ./Drivers/STM32F4xx_HAL_Driver/Src/stm32f4xx_hal_pwr_ex.o
LOAD ./Drivers/STM32F4xx_HAL_Driver/Src/stm32f4xx_hal_rcc.o
LOAD ./Drivers/STM32F4xx_HAL_Driver/Src/stm32f4xx_hal_rcc_ex.o
START GROUP
LOAD D:/Arquivos de Programas/STM32CubeIDE_1.18.0/STM32CubeIDE/plugins/com.st.stm32cube.ide.mcu.externaltools.gnu-tools-for-stm32.13.3.rel1.win32_1.0.0.202411081344/tools/bin/../lib/gcc/arm-none-eabi/13.3.1/../../../../arm-none-eabi/lib/thumb/v7e-m+fp/hard\libstdc++_nano.a
LOAD D:/Arquivos de Programas/STM32CubeIDE_1.18.0/STM32CubeIDE/plugins/com.st.stm32cube.ide.mcu.externaltools.gnu-tools-for-stm32.13.3.rel1.win32_1.0.0.202411081344/tools/bin/../lib/gcc/arm-none-eabi/13.3.1/../../../../arm-none-eabi/lib/thumb/v7e-m+fp/hard\libsupc++_nano.a
END GROUP
LOAD D:/Arquivos de Programas/STM32CubeIDE_1.18.0/STM32CubeIDE/plugins/com.st.stm32cube.ide.mcu.externaltools.gnu-tools-for-stm32.13.3.rel1.win32_1.0.0.202411081344/tools/bin/../lib/gcc/arm-none-eabi/13.3.1/../../../../arm-none-eabi/lib/thumb/v7e-m+fp/hard\libstdc++_nano.a
LOAD D:/Arquivos de Programas/STM32CubeIDE_1.18.0/STM32CubeIDE/plugins/com.st.stm32cube.ide.mcu.externaltools.gnu-tools-for-stm32.13.3.rel1.win32_1.0.0.202411081344/tools/bin/../lib/gcc/arm-none-eabi/13.3.1/../../../../arm-none-eabi/lib/thumb/v7e-m+fp/hard\libm.a
LOAD D:/Arquivos de Programas/STM32CubeIDE_1.18.0/STM32CubeIDE/plugins/com.st.stm32cube.ide.mcu.externaltools.gnu-tools-for-stm32.13.3.rel1.win32_1.0.0.202411081344/tools/bin/../lib/gcc/arm-none-eabi/13.3.1/../../../../arm-none-eabi/lib/thumb/v7e-m+fp/hard\libc_nano.a
START GROUP
LOAD D:/Arquivos de Programas/STM32CubeIDE_1.18.0/STM32CubeIDE/plugins/com.st.stm32cube.ide.mcu.externaltools.gnu-tools-for-stm32.13.3.rel1.win32_1.0.0.202411081344/tools/bin/../lib/gcc/arm-none-eabi/13.3.1/thumb/v7e-m+fp/hard\libgcc.a
LOAD D:/Arquivos de Programas/STM32CubeIDE_1.18.0/STM32CubeIDE/plugins/com.st.stm32cube.ide.mcu.externaltools.gnu-tools-for-stm32.13.3.rel1.win32_1.0.0.202411081344/tools/bin/../lib/gcc/arm-none-eabi/13.3.1/../../../../arm-none-eabi/lib/thumb/v7e-m+fp/hard\libc_nano.a
END GROUP
START GROUP
LOAD D:/Arquivos de Programas/STM32CubeIDE_1.18.0/STM32CubeIDE/plugins/com.st.stm32cube.ide.mcu.externaltools.gnu-tools-for-stm32.13.3.rel1.win32_1.0.0.202411081344/tools/bin/../lib/gcc/arm-none-eabi/13.3.1/thumb/v7e-m+fp/hard\libgcc.a
LOAD D:/Arquivos de Programas/STM32CubeIDE_1.18.0/STM32CubeIDE/plugins/com.st.stm32cube.ide.mcu.externaltools.gnu-tools-for-stm32.13.3.rel1.win32_1.0.0.202411081344/tools/bin/../lib/gcc/arm-none-eabi/13.3.1/../../../../arm-none-eabi/lib/thumb/v7e-m+fp/hard\libc_nano.a
LOAD D:/Arquivos de Programas/STM32CubeIDE_1.18.0/STM32CubeIDE/plugins/com.st.stm32cube.ide.mcu.externaltools.gnu-tools-for-stm32.13.3.rel1.win32_1.0.0.202411081344/tools/bin/../lib/gcc/arm-none-eabi/13.3.1/../../../../arm-none-eabi/lib/thumb/v7e-m+fp/hard\libnosys.a
END GROUP
START GROUP
LOAD D:/Arquivos de Programas/STM32CubeIDE_1.18.0/STM32CubeIDE/plugins/com.st.stm32cube.ide.mcu.externaltools.gnu-tools-for-stm32.13.3.rel1.win32_1.0.0.202411081344/tools/bin/../lib/gcc/arm-none-eabi/13.3.1/thumb/v7e-m+fp/hard\libgcc.a
LOAD D:/Arquivos de Programas/STM32CubeIDE_1.18.0/STM32CubeIDE/plugins/com.st.stm32cube.ide.mcu.externaltools.gnu-tools-for-stm32.13.3.rel1.win32_1.0.0.202411081344/tools/bin/../lib/gcc/arm-none-eabi/13.3.1/../../../../arm-none-eabi/lib/thumb/v7e-m+fp/hard\libc_nano.a
LOAD D:/Arquivos de Programas/STM32CubeIDE_1.18.0/STM32CubeIDE/plugins/com.st.stm32cube.ide.mcu.externaltools.gnu-tools-for-stm32.13.3.rel1.win32_1.0.0.202411081344/tools/bin/../lib/gcc/arm-none-eabi/13.3.1/../../../../arm-none-eabi/lib/thumb/v7e-m+fp/hard\libnosys.a
END GROUP
LOAD D:/Arquivos de Programas/STM32CubeIDE_1.18.0/STM32CubeIDE/plugins/com.st.stm32cube.ide.mcu.externaltools.gnu-tools-for-stm32.13.3.rel1.win32_1.0.0.202411081344/tools/bin/../lib/gcc/arm-none-eabi/13.3.1/thumb/v7e-m+fp/hard/crtend.o
LOAD D:/Arquivos de Programas/STM32CubeIDE_1.18.0/STM32CubeIDE/plugins/com.st.stm32cube.ide.mcu.externaltools.gnu-tools-for-stm32.13.3.rel1.win32_1.0.0.202411081344/tools/bin/../lib/gcc/arm-none-eabi/13.3.1/thumb/v7e-m+fp/hard/crtn.o
                0x20020000                        _estack = (ORIGIN (RAM) + LENGTH (RAM))
                0x00000200                        _Min_Heap_Size = 0x200
                0x00000400                        _Min_Stack_Size = 0x400

.isr_vector     0x08000000      0x188
                0x08000000                        . = ALIGN (0x4)
 *(.isr_vector)
 .isr_vector    0x08000000      0x188 ./Core/Startup/startup_stm32f407vetx.o
                0x08000000                g_pfnVectors
                0x08000188                        . = ALIGN (0x4)

.text           0x08000188      0x944
                0x08000188                        . = ALIGN (0x4)
 *(.text)
 .text          0x08000188       0x40 D:/Arquivos de Programas/STM32CubeIDE_1.18.0/STM32CubeIDE/plugins/com.st.stm32cube.ide.mcu.externaltools.gnu-tools-for-stm32.13.3.rel1.win32_1.0.0.202411081344/tools/bin/../lib/gcc/arm-none-eabi/13.3.1/thumb/v7e-m+fp/hard/crtbegin.o
 *(.text*)
 .text.__NVIC_SetPriorityGrouping
                0x080001c8       0x48 ./Core/Src/main.o
 .text.__NVIC_EnableIRQ
                0x08000210       0x3c ./Core/Src/main.o
 .text.Utility_Init
                0x0800024c       0x10 ./Core/Src/main.o
                0x0800024c                Utility_Init
 .text.Configure_Clock
                0x0800025c       0xd4 ./Core/Src/main.o
                0x0800025c                Configure_Clock
 .text.TIM2_Setup
                0x08000330       0x40 ./Core/Src/main.o
                0x08000330                TIM2_Setup
 .text.Delay_ms
                0x08000370       0x38 ./Core/Src/main.o
                0x08000370                Delay_ms
 .text.GPIO_Clock_Enable
                0x080003a8       0x34 ./Core/Src/main.o
                0x080003a8                GPIO_Clock_Enable
 .text.GPIO_Pin_Mode
                0x080003dc       0x46 ./Core/Src/main.o
                0x080003dc                GPIO_Pin_Mode
 .text.GPIO_Toggle_Pin
                0x08000422       0x2a ./Core/Src/main.o
 .text.GPIO_Resistor_Enable
                0x0800044c       0x46 ./Core/Src/main.o
                0x0800044c                GPIO_Resistor_Enable
 *fill*         0x08000492        0x2 
 .text.EXTI_Config_Helper
                0x08000494       0xd0 ./Core/Src/main.o
                0x08000494                EXTI_Config_Helper
 .text.EXTI_Config3
                0x08000564       0x24 ./Core/Src/main.o
                0x08000564                EXTI_Config3
 .text.EXTI_Clear_Pending
                0x08000588       0x30 ./Core/Src/main.o
 .text.__io_putchar
                0x080005b8       0x30 ./Core/Src/main.o
                0x080005b8                __io_putchar
 .text.__io_getchar
                0x080005e8       0x18 ./Core/Src/main.o
                0x080005e8                __io_getchar
 .text.USART1_IRQHandler
                0x08000600       0x14 ./Core/Src/main.o
                0x08000600                USART1_IRQHandler
 .text.EXTI0_IRQHandler
                0x08000614       0x28 ./Core/Src/main.o
                0x08000614                EXTI0_IRQHandler
 .text.main     0x0800063c       0x70 ./Core/Src/main.o
                0x0800063c                main
 .text.HAL_MspInit
                0x080006ac       0x50 ./Core/Src/stm32f4xx_hal_msp.o
                0x080006ac                HAL_MspInit
 .text.NMI_Handler
                0x080006fc        0x8 ./Core/Src/stm32f4xx_it.o
                0x080006fc                NMI_Handler
 .text.HardFault_Handler
                0x08000704        0x8 ./Core/Src/stm32f4xx_it.o
                0x08000704                HardFault_Handler
 .text.MemManage_Handler
                0x0800070c        0x8 ./Core/Src/stm32f4xx_it.o
                0x0800070c                MemManage_Handler
 .text.BusFault_Handler
                0x08000714        0x8 ./Core/Src/stm32f4xx_it.o
                0x08000714                BusFault_Handler
 .text.UsageFault_Handler
                0x0800071c        0x8 ./Core/Src/stm32f4xx_it.o
                0x0800071c                UsageFault_Handler
 .text.SVC_Handler
                0x08000724        0xe ./Core/Src/stm32f4xx_it.o
                0x08000724                SVC_Handler
 .text.DebugMon_Handler
                0x08000732        0xe ./Core/Src/stm32f4xx_it.o
                0x08000732                DebugMon_Handler
 .text.PendSV_Handler
                0x08000740        0xe ./Core/Src/stm32f4xx_it.o
                0x08000740                PendSV_Handler
 .text.SysTick_Handler
                0x0800074e        0xc ./Core/Src/stm32f4xx_it.o
                0x0800074e                SysTick_Handler
 *fill*         0x0800075a        0x2 
 .text.SystemInit
                0x0800075c       0x24 ./Core/Src/system_stm32f4xx.o
                0x0800075c                SystemInit
 .text.Reset_Handler
                0x08000780       0x50 ./Core/Startup/startup_stm32f407vetx.o
                0x08000780                Reset_Handler
 .text.Default_Handler
                0x080007d0        0x2 ./Core/Startup/startup_stm32f407vetx.o
                0x080007d0                RTC_Alarm_IRQHandler
                0x080007d0                HASH_RNG_IRQHandler
                0x080007d0                EXTI2_IRQHandler
                0x080007d0                TIM8_CC_IRQHandler
                0x080007d0                TIM1_CC_IRQHandler
                0x080007d0                DMA2_Stream5_IRQHandler
                0x080007d0                DMA1_Stream5_IRQHandler
                0x080007d0                PVD_IRQHandler
                0x080007d0                SDIO_IRQHandler
                0x080007d0                TAMP_STAMP_IRQHandler
                0x080007d0                CAN2_RX1_IRQHandler
                0x080007d0                EXTI3_IRQHandler
                0x080007d0                TIM8_TRG_COM_TIM14_IRQHandler
                0x080007d0                TIM1_UP_TIM10_IRQHandler
                0x080007d0                TIM8_UP_TIM13_IRQHandler
                0x080007d0                I2C3_ER_IRQHandler
                0x080007d0                I2C2_EV_IRQHandler
                0x080007d0                DMA1_Stream2_IRQHandler
                0x080007d0                CAN1_RX0_IRQHandler
                0x080007d0                FPU_IRQHandler
                0x080007d0                OTG_HS_WKUP_IRQHandler
                0x080007d0                CAN2_SCE_IRQHandler
                0x080007d0                DMA2_Stream2_IRQHandler
                0x080007d0                SPI1_IRQHandler
                0x080007d0                TIM6_DAC_IRQHandler
                0x080007d0                TIM1_BRK_TIM9_IRQHandler
                0x080007d0                DCMI_IRQHandler
                0x080007d0                CAN2_RX0_IRQHandler
                0x080007d0                DMA2_Stream3_IRQHandler
                0x080007d0                USART6_IRQHandler
                0x080007d0                USART3_IRQHandler
                0x080007d0                CAN1_RX1_IRQHandler
                0x080007d0                UART5_IRQHandler
                0x080007d0                DMA2_Stream0_IRQHandler
                0x080007d0                TIM4_IRQHandler
                0x080007d0                I2C1_EV_IRQHandler
                0x080007d0                DMA1_Stream6_IRQHandler
                0x080007d0                DMA1_Stream1_IRQHandler
                0x080007d0                UART4_IRQHandler
                0x080007d0                TIM3_IRQHandler
                0x080007d0                RCC_IRQHandler
                0x080007d0                TIM8_BRK_TIM12_IRQHandler
                0x080007d0                Default_Handler
                0x080007d0                EXTI15_10_IRQHandler
                0x080007d0                ADC_IRQHandler
                0x080007d0                DMA1_Stream7_IRQHandler
                0x080007d0                TIM7_IRQHandler
                0x080007d0                CAN2_TX_IRQHandler
                0x080007d0                TIM5_IRQHandler
                0x080007d0                DMA2_Stream7_IRQHandler
                0x080007d0                I2C3_EV_IRQHandler
                0x080007d0                EXTI9_5_IRQHandler
                0x080007d0                RTC_WKUP_IRQHandler
                0x080007d0                ETH_WKUP_IRQHandler
                0x080007d0                SPI2_IRQHandler
                0x080007d0                OTG_HS_EP1_IN_IRQHandler
                0x080007d0                DMA1_Stream0_IRQHandler
                0x080007d0                CAN1_TX_IRQHandler
                0x080007d0                EXTI4_IRQHandler
                0x080007d0                FSMC_IRQHandler
                0x080007d0                ETH_IRQHandler
                0x080007d0                OTG_HS_EP1_OUT_IRQHandler
                0x080007d0                WWDG_IRQHandler
                0x080007d0                TIM2_IRQHandler
                0x080007d0                OTG_FS_WKUP_IRQHandler
                0x080007d0                TIM1_TRG_COM_TIM11_IRQHandler
                0x080007d0                OTG_HS_IRQHandler
                0x080007d0                EXTI1_IRQHandler
                0x080007d0                USART2_IRQHandler
                0x080007d0                I2C2_ER_IRQHandler
                0x080007d0                DMA2_Stream1_IRQHandler
                0x080007d0                CAN1_SCE_IRQHandler
                0x080007d0                FLASH_IRQHandler
                0x080007d0                DMA2_Stream4_IRQHandler
                0x080007d0                OTG_FS_IRQHandler
                0x080007d0                SPI3_IRQHandler
                0x080007d0                DMA1_Stream4_IRQHandler
                0x080007d0                I2C1_ER_IRQHandler
                0x080007d0                DMA2_Stream6_IRQHandler
                0x080007d0                DMA1_Stream3_IRQHandler
 *fill*         0x080007d2        0x2 
 .text.HAL_Init
                0x080007d4       0x44 ./Drivers/STM32F4xx_HAL_Driver/Src/stm32f4xx_hal.o
                0x080007d4                HAL_Init
 .text.HAL_InitTick
                0x08000818       0x60 ./Drivers/STM32F4xx_HAL_Driver/Src/stm32f4xx_hal.o
                0x08000818                HAL_InitTick
 .text.HAL_IncTick
                0x08000878       0x28 ./Drivers/STM32F4xx_HAL_Driver/Src/stm32f4xx_hal.o
                0x08000878                HAL_IncTick
 .text.__NVIC_SetPriorityGrouping
                0x080008a0       0x48 ./Drivers/STM32F4xx_HAL_Driver/Src/stm32f4xx_hal_cortex.o
 .text.__NVIC_GetPriorityGrouping
                0x080008e8       0x1c ./Drivers/STM32F4xx_HAL_Driver/Src/stm32f4xx_hal_cortex.o
 .text.__NVIC_SetPriority
                0x08000904       0x54 ./Drivers/STM32F4xx_HAL_Driver/Src/stm32f4xx_hal_cortex.o
 .text.NVIC_EncodePriority
                0x08000958       0x66 ./Drivers/STM32F4xx_HAL_Driver/Src/stm32f4xx_hal_cortex.o
 *fill*         0x080009be        0x2 
 .text.SysTick_Config
                0x080009c0       0x44 ./Drivers/STM32F4xx_HAL_Driver/Src/stm32f4xx_hal_cortex.o
 .text.HAL_NVIC_SetPriorityGrouping
                0x08000a04       0x16 ./Drivers/STM32F4xx_HAL_Driver/Src/stm32f4xx_hal_cortex.o
                0x08000a04                HAL_NVIC_SetPriorityGrouping
 .text.HAL_NVIC_SetPriority
                0x08000a1a       0x38 ./Drivers/STM32F4xx_HAL_Driver/Src/stm32f4xx_hal_cortex.o
                0x08000a1a                HAL_NVIC_SetPriority
 .text.HAL_SYSTICK_Config
                0x08000a52       0x18 ./Drivers/STM32F4xx_HAL_Driver/Src/stm32f4xx_hal_cortex.o
                0x08000a52                HAL_SYSTICK_Config
 *fill*         0x08000a6a        0x2 
 .text.__libc_init_array
                0x08000a6c       0x48 D:/Arquivos de Programas/STM32CubeIDE_1.18.0/STM32CubeIDE/plugins/com.st.stm32cube.ide.mcu.externaltools.gnu-tools-for-stm32.13.3.rel1.win32_1.0.0.202411081344/tools/bin/../lib/gcc/arm-none-eabi/13.3.1/../../../../arm-none-eabi/lib/thumb/v7e-m+fp/hard\libc_nano.a(libc_a-init.o)
                0x08000a6c                __libc_init_array
 *(.glue_7)
 .glue_7        0x08000ab4        0x0 linker stubs
 *(.glue_7t)
 .glue_7t       0x08000ab4        0x0 linker stubs
 *(.eh_frame)
 .eh_frame      0x08000ab4        0x0 D:/Arquivos de Programas/STM32CubeIDE_1.18.0/STM32CubeIDE/plugins/com.st.stm32cube.ide.mcu.externaltools.gnu-tools-for-stm32.13.3.rel1.win32_1.0.0.202411081344/tools/bin/../lib/gcc/arm-none-eabi/13.3.1/thumb/v7e-m+fp/hard/crtbegin.o
 *(.init)
 .init          0x08000ab4        0x4 D:/Arquivos de Programas/STM32CubeIDE_1.18.0/STM32CubeIDE/plugins/com.st.stm32cube.ide.mcu.externaltools.gnu-tools-for-stm32.13.3.rel1.win32_1.0.0.202411081344/tools/bin/../lib/gcc/arm-none-eabi/13.3.1/thumb/v7e-m+fp/hard/crti.o
                0x08000ab4                _init
 .init          0x08000ab8        0x8 D:/Arquivos de Programas/STM32CubeIDE_1.18.0/STM32CubeIDE/plugins/com.st.stm32cube.ide.mcu.externaltools.gnu-tools-for-stm32.13.3.rel1.win32_1.0.0.202411081344/tools/bin/../lib/gcc/arm-none-eabi/13.3.1/thumb/v7e-m+fp/hard/crtn.o
 *(.fini)
 .fini          0x08000ac0        0x4 D:/Arquivos de Programas/STM32CubeIDE_1.18.0/STM32CubeIDE/plugins/com.st.stm32cube.ide.mcu.externaltools.gnu-tools-for-stm32.13.3.rel1.win32_1.0.0.202411081344/tools/bin/../lib/gcc/arm-none-eabi/13.3.1/thumb/v7e-m+fp/hard/crti.o
                0x08000ac0                _fini
 .fini          0x08000ac4        0x8 D:/Arquivos de Programas/STM32CubeIDE_1.18.0/STM32CubeIDE/plugins/com.st.stm32cube.ide.mcu.externaltools.gnu-tools-for-stm32.13.3.rel1.win32_1.0.0.202411081344/tools/bin/../lib/gcc/arm-none-eabi/13.3.1/thumb/v7e-m+fp/hard/crtn.o
                0x08000acc                        . = ALIGN (0x4)
                0x08000acc                        _etext = .

.vfp11_veneer   0x08000acc        0x0
 .vfp11_veneer  0x08000acc        0x0 linker stubs

.v4_bx          0x08000acc        0x0
 .v4_bx         0x08000acc        0x0 linker stubs

.iplt           0x08000acc        0x0
 .iplt          0x08000acc        0x0 D:/Arquivos de Programas/STM32CubeIDE_1.18.0/STM32CubeIDE/plugins/com.st.stm32cube.ide.mcu.externaltools.gnu-tools-for-stm32.13.3.rel1.win32_1.0.0.202411081344/tools/bin/../lib/gcc/arm-none-eabi/13.3.1/thumb/v7e-m+fp/hard/crtbegin.o

.rodata         0x08000acc        0x0
                0x08000acc                        . = ALIGN (0x4)
 *(.rodata)
 *(.rodata*)
                0x08000acc                        . = ALIGN (0x4)

.ARM.extab      0x08000acc        0x0
                0x08000acc                        . = ALIGN (0x4)
 *(.ARM.extab* .gnu.linkonce.armextab.*)
                0x08000acc                        . = ALIGN (0x4)

.ARM            0x08000acc        0x0
                0x08000acc                        . = ALIGN (0x4)
                0x08000acc                        __exidx_start = .
 *(.ARM.exidx*)
                0x08000acc                        __exidx_end = .
                0x08000acc                        . = ALIGN (0x4)

.preinit_array  0x08000acc        0x0
                0x08000acc                        . = ALIGN (0x4)
                0x08000acc                        PROVIDE (__preinit_array_start = .)
 *(.preinit_array*)
                0x08000acc                        PROVIDE (__preinit_array_end = .)
                0x08000acc                        . = ALIGN (0x4)

.init_array     0x08000acc        0x4
                0x08000acc                        . = ALIGN (0x4)
                0x08000acc                        PROVIDE (__init_array_start = .)
 *(SORT_BY_NAME(.init_array.*))
 *(.init_array*)
 .init_array    0x08000acc        0x4 D:/Arquivos de Programas/STM32CubeIDE_1.18.0/STM32CubeIDE/plugins/com.st.stm32cube.ide.mcu.externaltools.gnu-tools-for-stm32.13.3.rel1.win32_1.0.0.202411081344/tools/bin/../lib/gcc/arm-none-eabi/13.3.1/thumb/v7e-m+fp/hard/crtbegin.o
                0x08000ad0                        PROVIDE (__init_array_end = .)
                0x08000ad0                        . = ALIGN (0x4)

.fini_array     0x08000ad0        0x4
                0x08000ad0                        . = ALIGN (0x4)
                [!provide]                        PROVIDE (__fini_array_start = .)
 *(SORT_BY_NAME(.fini_array.*))
 *(.fini_array*)
 .fini_array    0x08000ad0        0x4 D:/Arquivos de Programas/STM32CubeIDE_1.18.0/STM32CubeIDE/plugins/com.st.stm32cube.ide.mcu.externaltools.gnu-tools-for-stm32.13.3.rel1.win32_1.0.0.202411081344/tools/bin/../lib/gcc/arm-none-eabi/13.3.1/thumb/v7e-m+fp/hard/crtbegin.o
                [!provide]                        PROVIDE (__fini_array_end = .)
                0x08000ad4                        . = ALIGN (0x4)
                0x08000ad4                        _sidata = LOADADDR (.data)

.rel.dyn        0x08000ad4        0x0
 .rel.iplt      0x08000ad4        0x0 D:/Arquivos de Programas/STM32CubeIDE_1.18.0/STM32CubeIDE/plugins/com.st.stm32cube.ide.mcu.externaltools.gnu-tools-for-stm32.13.3.rel1.win32_1.0.0.202411081344/tools/bin/../lib/gcc/arm-none-eabi/13.3.1/thumb/v7e-m+fp/hard/crtbegin.o

.data           0x20000000       0x10 load address 0x08000ad4
                0x20000000                        . = ALIGN (0x4)
                0x20000000                        _sdata = .
 *(.data)
 *(.data*)
 .data.tempo    0x20000000        0x1 ./Core/Src/main.o
                0x20000000                tempo
 *fill*         0x20000001        0x3 
 .data.SystemCoreClock
                0x20000004        0x4 ./Core/Src/system_stm32f4xx.o
                0x20000004                SystemCoreClock
 .data.uwTickPrio
                0x20000008        0x4 ./Drivers/STM32F4xx_HAL_Driver/Src/stm32f4xx_hal.o
                0x20000008                uwTickPrio
 .data.uwTickFreq
                0x2000000c        0x1 ./Drivers/STM32F4xx_HAL_Driver/Src/stm32f4xx_hal.o
                0x2000000c                uwTickFreq
 *(.RamFunc)
 *(.RamFunc*)
                0x20000010                        . = ALIGN (0x4)
 *fill*         0x2000000d        0x3 
                0x20000010                        _edata = .
                0x08000ae4                        _siccmram = LOADADDR (.ccmram)

.igot.plt       0x20000010        0x0 load address 0x08000ae4
 .igot.plt      0x20000010        0x0 D:/Arquivos de Programas/STM32CubeIDE_1.18.0/STM32CubeIDE/plugins/com.st.stm32cube.ide.mcu.externaltools.gnu-tools-for-stm32.13.3.rel1.win32_1.0.0.202411081344/tools/bin/../lib/gcc/arm-none-eabi/13.3.1/thumb/v7e-m+fp/hard/crtbegin.o

.ccmram         0x10000000        0x0 load address 0x08000ae4
                0x10000000                        . = ALIGN (0x4)
                0x10000000                        _sccmram = .
 *(.ccmram)
 *(.ccmram*)
                0x10000000                        . = ALIGN (0x4)
                0x10000000                        _eccmram = .
                0x10000000                        . = ALIGN (0x4)

.bss            0x20000010       0x20
                0x20000010                        _sbss = .
                0x20000010                        __bss_start__ = _sbss
 *(.bss)
 .bss           0x20000010       0x1c D:/Arquivos de Programas/STM32CubeIDE_1.18.0/STM32CubeIDE/plugins/com.st.stm32cube.ide.mcu.externaltools.gnu-tools-for-stm32.13.3.rel1.win32_1.0.0.202411081344/tools/bin/../lib/gcc/arm-none-eabi/13.3.1/thumb/v7e-m+fp/hard/crtbegin.o
 *(.bss*)
 .bss.uwTick    0x2000002c        0x4 ./Drivers/STM32F4xx_HAL_Driver/Src/stm32f4xx_hal.o
                0x2000002c                uwTick
 *(COMMON)
                0x20000030                        . = ALIGN (0x4)
                0x20000030                        _ebss = .
                0x20000030                        __bss_end__ = _ebss

._user_heap_stack
                0x20000030      0x600
                0x20000030                        . = ALIGN (0x8)
                [!provide]                        PROVIDE (end = .)
                0x20000030                        PROVIDE (_end = .)
                0x20000230                        . = (. + _Min_Heap_Size)
 *fill*         0x20000030      0x200 
                0x20000630                        . = (. + _Min_Stack_Size)
 *fill*         0x20000230      0x400 
                0x20000630                        . = ALIGN (0x8)

/DISCARD/
 libc.a(*)
 libm.a(*)
 libgcc.a(*)

.ARM.attributes
                0x00000000       0x30
 *(.ARM.attributes)
 .ARM.attributes
                0x00000000       0x22 D:/Arquivos de Programas/STM32CubeIDE_1.18.0/STM32CubeIDE/plugins/com.st.stm32cube.ide.mcu.externaltools.gnu-tools-for-stm32.13.3.rel1.win32_1.0.0.202411081344/tools/bin/../lib/gcc/arm-none-eabi/13.3.1/thumb/v7e-m+fp/hard/crti.o
 .ARM.attributes
                0x00000022       0x34 D:/Arquivos de Programas/STM32CubeIDE_1.18.0/STM32CubeIDE/plugins/com.st.stm32cube.ide.mcu.externaltools.gnu-tools-for-stm32.13.3.rel1.win32_1.0.0.202411081344/tools/bin/../lib/gcc/arm-none-eabi/13.3.1/thumb/v7e-m+fp/hard/crtbegin.o
 .ARM.attributes
                0x00000056       0x34 ./Core/Src/main.o
 .ARM.attributes
                0x0000008a       0x34 ./Core/Src/stm32f4xx_hal_msp.o
 .ARM.attributes
                0x000000be       0x34 ./Core/Src/stm32f4xx_it.o
 .ARM.attributes
                0x000000f2       0x34 ./Core/Src/system_stm32f4xx.o
 .ARM.attributes
                0x00000126       0x21 ./Core/Startup/startup_stm32f407vetx.o
 .ARM.attributes
                0x00000147       0x34 ./Drivers/STM32F4xx_HAL_Driver/Src/stm32f4xx_hal.o
 .ARM.attributes
                0x0000017b       0x34 ./Drivers/STM32F4xx_HAL_Driver/Src/stm32f4xx_hal_cortex.o
 .ARM.attributes
                0x000001af       0x34 D:/Arquivos de Programas/STM32CubeIDE_1.18.0/STM32CubeIDE/plugins/com.st.stm32cube.ide.mcu.externaltools.gnu-tools-for-stm32.13.3.rel1.win32_1.0.0.202411081344/tools/bin/../lib/gcc/arm-none-eabi/13.3.1/../../../../arm-none-eabi/lib/thumb/v7e-m+fp/hard\libc_nano.a(libc_a-init.o)
 .ARM.attributes
                0x000001e3       0x22 D:/Arquivos de Programas/STM32CubeIDE_1.18.0/STM32CubeIDE/plugins/com.st.stm32cube.ide.mcu.externaltools.gnu-tools-for-stm32.13.3.rel1.win32_1.0.0.202411081344/tools/bin/../lib/gcc/arm-none-eabi/13.3.1/thumb/v7e-m+fp/hard/crtn.o
OUTPUT(primeiro_estagio.elf elf32-littlearm)
LOAD linker stubs
LOAD D:/Arquivos de Programas/STM32CubeIDE_1.18.0/STM32CubeIDE/plugins/com.st.stm32cube.ide.mcu.externaltools.gnu-tools-for-stm32.13.3.rel1.win32_1.0.0.202411081344/tools/bin/../lib/gcc/arm-none-eabi/13.3.1/../../../../arm-none-eabi/lib/thumb/v7e-m+fp/hard\libc.a
LOAD D:/Arquivos de Programas/STM32CubeIDE_1.18.0/STM32CubeIDE/plugins/com.st.stm32cube.ide.mcu.externaltools.gnu-tools-for-stm32.13.3.rel1.win32_1.0.0.202411081344/tools/bin/../lib/gcc/arm-none-eabi/13.3.1/../../../../arm-none-eabi/lib/thumb/v7e-m+fp/hard\libm.a
LOAD D:/Arquivos de Programas/STM32CubeIDE_1.18.0/STM32CubeIDE/plugins/com.st.stm32cube.ide.mcu.externaltools.gnu-tools-for-stm32.13.3.rel1.win32_1.0.0.202411081344/tools/bin/../lib/gcc/arm-none-eabi/13.3.1/thumb/v7e-m+fp/hard\libgcc.a

.debug_info     0x00000000     0x35bf
 .debug_info    0x00000000     0x1632 ./Core/Src/main.o
 .debug_info    0x00001632      0x269 ./Core/Src/stm32f4xx_hal_msp.o
 .debug_info    0x0000189b      0x112 ./Core/Src/stm32f4xx_it.o
 .debug_info    0x000019ad      0x512 ./Core/Src/system_stm32f4xx.o
 .debug_info    0x00001ebf       0x30 ./Core/Startup/startup_stm32f407vetx.o
 .debug_info    0x00001eef      0x944 ./Drivers/STM32F4xx_HAL_Driver/Src/stm32f4xx_hal.o
 .debug_info    0x00002833      0xd8c ./Drivers/STM32F4xx_HAL_Driver/Src/stm32f4xx_hal_cortex.o

.debug_abbrev   0x00000000      0xab7
 .debug_abbrev  0x00000000      0x2fd ./Core/Src/main.o
 .debug_abbrev  0x000002fd       0xd8 ./Core/Src/stm32f4xx_hal_msp.o
 .debug_abbrev  0x000003d5       0x73 ./Core/Src/stm32f4xx_it.o
 .debug_abbrev  0x00000448      0x11a ./Core/Src/system_stm32f4xx.o
 .debug_abbrev  0x00000562       0x24 ./Core/Startup/startup_stm32f407vetx.o
 .debug_abbrev  0x00000586      0x214 ./Drivers/STM32F4xx_HAL_Driver/Src/stm32f4xx_hal.o
 .debug_abbrev  0x0000079a      0x31d ./Drivers/STM32F4xx_HAL_Driver/Src/stm32f4xx_hal_cortex.o

.debug_aranges  0x00000000      0x418
 .debug_aranges
                0x00000000      0x128 ./Core/Src/main.o
 .debug_aranges
                0x00000128       0x20 ./Core/Src/stm32f4xx_hal_msp.o
 .debug_aranges
                0x00000148       0x60 ./Core/Src/stm32f4xx_it.o
 .debug_aranges
                0x000001a8       0x28 ./Core/Src/system_stm32f4xx.o
 .debug_aranges
                0x000001d0       0x28 ./Core/Startup/startup_stm32f407vetx.o
 .debug_aranges
                0x000001f8       0xf0 ./Drivers/STM32F4xx_HAL_Driver/Src/stm32f4xx_hal.o
 .debug_aranges
                0x000002e8      0x130 ./Drivers/STM32F4xx_HAL_Driver/Src/stm32f4xx_hal_cortex.o

.debug_rnglists
                0x00000000      0x2f7
 .debug_rnglists
                0x00000000       0xdf ./Core/Src/main.o
 .debug_rnglists
                0x000000df       0x13 ./Core/Src/stm32f4xx_hal_msp.o
 .debug_rnglists
                0x000000f2       0x43 ./Core/Src/stm32f4xx_it.o
 .debug_rnglists
                0x00000135       0x1a ./Core/Src/system_stm32f4xx.o
 .debug_rnglists
                0x0000014f       0x19 ./Core/Startup/startup_stm32f407vetx.o
 .debug_rnglists
                0x00000168       0xaf ./Drivers/STM32F4xx_HAL_Driver/Src/stm32f4xx_hal.o
 .debug_rnglists
                0x00000217       0xe0 ./Drivers/STM32F4xx_HAL_Driver/Src/stm32f4xx_hal_cortex.o

.debug_macro    0x00000000    0x1eabb
 .debug_macro   0x00000000      0x1c3 ./Core/Src/main.o
 .debug_macro   0x000001c3      0xad8 ./Core/Src/main.o
 .debug_macro   0x00000c9b      0x28f ./Core/Src/main.o
 .debug_macro   0x00000f2a       0x2e ./Core/Src/main.o
 .debug_macro   0x00000f58       0x2f ./Core/Src/main.o
 .debug_macro   0x00000f87       0x22 ./Core/Src/main.o
 .debug_macro   0x00000fa9       0x8e ./Core/Src/main.o
 .debug_macro   0x00001037       0x51 ./Core/Src/main.o
 .debug_macro   0x00001088      0x103 ./Core/Src/main.o
 .debug_macro   0x0000118b       0x6a ./Core/Src/main.o
 .debug_macro   0x000011f5      0x1df ./Core/Src/main.o
 .debug_macro   0x000013d4       0x1c ./Core/Src/main.o
 .debug_macro   0x000013f0       0x22 ./Core/Src/main.o
 .debug_macro   0x00001412       0xfb ./Core/Src/main.o
 .debug_macro   0x0000150d     0x1011 ./Core/Src/main.o
 .debug_macro   0x0000251e      0x11f ./Core/Src/main.o
 .debug_macro   0x0000263d    0x15e97 ./Core/Src/main.o
 .debug_macro   0x000184d4       0x6d ./Core/Src/main.o
 .debug_macro   0x00018541     0x369a ./Core/Src/main.o
 .debug_macro   0x0001bbdb      0x190 ./Core/Src/main.o
 .debug_macro   0x0001bd6b       0x5c ./Core/Src/main.o
 .debug_macro   0x0001bdc7      0x980 ./Core/Src/main.o
 .debug_macro   0x0001c747      0x9e9 ./Core/Src/main.o
 .debug_macro   0x0001d130      0x115 ./Core/Src/main.o
 .debug_macro   0x0001d245      0x13e ./Core/Src/main.o
 .debug_macro   0x0001d383       0xa5 ./Core/Src/main.o
 .debug_macro   0x0001d428      0x174 ./Core/Src/main.o
 .debug_macro   0x0001d59c      0x287 ./Core/Src/main.o
 .debug_macro   0x0001d823       0x5f ./Core/Src/main.o
 .debug_macro   0x0001d882      0x236 ./Core/Src/main.o
 .debug_macro   0x0001dab8      0x12c ./Core/Src/main.o
 .debug_macro   0x0001dbe4      0x21e ./Core/Src/main.o
 .debug_macro   0x0001de02       0x2e ./Core/Src/main.o
 .debug_macro   0x0001de30      0x127 ./Core/Src/main.o
 .debug_macro   0x0001df57       0x7e ./Core/Src/main.o
 .debug_macro   0x0001dfd5       0x89 ./Core/Src/main.o
 .debug_macro   0x0001e05e      0x12d ./Core/Src/main.o
 .debug_macro   0x0001e18b       0x42 ./Core/Src/main.o
 .debug_macro   0x0001e1cd      0x1ba ./Core/Src/stm32f4xx_hal_msp.o
 .debug_macro   0x0001e387      0x1c4 ./Core/Src/stm32f4xx_it.o
 .debug_macro   0x0001e54b      0x1b0 ./Core/Src/system_stm32f4xx.o
 .debug_macro   0x0001e6fb      0x210 ./Drivers/STM32F4xx_HAL_Driver/Src/stm32f4xx_hal.o
 .debug_macro   0x0001e90b      0x1b0 ./Drivers/STM32F4xx_HAL_Driver/Src/stm32f4xx_hal_cortex.o

.debug_line     0x00000000     0x40b4
 .debug_line    0x00000000     0x1019 ./Core/Src/main.o
 .debug_line    0x00001019      0x7a5 ./Core/Src/stm32f4xx_hal_msp.o
 .debug_line    0x000017be      0x854 ./Core/Src/stm32f4xx_it.o
 .debug_line    0x00002012      0x82a ./Core/Src/system_stm32f4xx.o
 .debug_line    0x0000283c       0x7a ./Core/Startup/startup_stm32f407vetx.o
 .debug_line    0x000028b6      0xa97 ./Drivers/STM32F4xx_HAL_Driver/Src/stm32f4xx_hal.o
 .debug_line    0x0000334d      0xd67 ./Drivers/STM32F4xx_HAL_Driver/Src/stm32f4xx_hal_cortex.o

.debug_str      0x00000000    0xbc4b1
 .debug_str     0x00000000    0xbc4b1 ./Core/Src/main.o
                              0xbbce7 (size before relaxing)
 .debug_str     0x000bc4b1    0xbb034 ./Core/Src/stm32f4xx_hal_msp.o
 .debug_str     0x000bc4b1    0xbafba ./Core/Src/stm32f4xx_it.o
 .debug_str     0x000bc4b1    0xbb0e4 ./Core/Src/system_stm32f4xx.o
 .debug_str     0x000bc4b1       0xa3 ./Core/Startup/startup_stm32f407vetx.o
 .debug_str     0x000bc4b1    0xbbc68 ./Drivers/STM32F4xx_HAL_Driver/Src/stm32f4xx_hal.o
 .debug_str     0x000bc4b1    0xbb9e4 ./Drivers/STM32F4xx_HAL_Driver/Src/stm32f4xx_hal_cortex.o

.comment        0x00000000       0x43
 .comment       0x00000000       0x43 ./Core/Src/main.o
                                 0x44 (size before relaxing)
 .comment       0x00000043       0x44 ./Core/Src/stm32f4xx_hal_msp.o
 .comment       0x00000043       0x44 ./Core/Src/stm32f4xx_it.o
 .comment       0x00000043       0x44 ./Core/Src/system_stm32f4xx.o
 .comment       0x00000043       0x44 ./Drivers/STM32F4xx_HAL_Driver/Src/stm32f4xx_hal.o
 .comment       0x00000043       0x44 ./Drivers/STM32F4xx_HAL_Driver/Src/stm32f4xx_hal_cortex.o

.debug_frame    0x00000000      0xf1c
 .debug_frame   0x00000000      0x4e0 ./Core/Src/main.o
 .debug_frame   0x000004e0       0x38 ./Core/Src/stm32f4xx_hal_msp.o
 .debug_frame   0x00000518      0x104 ./Core/Src/stm32f4xx_it.o
 .debug_frame   0x0000061c       0x58 ./Core/Src/system_stm32f4xx.o
 .debug_frame   0x00000674      0x374 ./Drivers/STM32F4xx_HAL_Driver/Src/stm32f4xx_hal.o
 .debug_frame   0x000009e8      0x508 ./Drivers/STM32F4xx_HAL_Driver/Src/stm32f4xx_hal_cortex.o
 .debug_frame   0x00000ef0       0x2c D:/Arquivos de Programas/STM32CubeIDE_1.18.0/STM32CubeIDE/plugins/com.st.stm32cube.ide.mcu.externaltools.gnu-tools-for-stm32.13.3.rel1.win32_1.0.0.202411081344/tools/bin/../lib/gcc/arm-none-eabi/13.3.1/../../../../arm-none-eabi/lib/thumb/v7e-m+fp/hard\libc_nano.a(libc_a-init.o)

.debug_line_str
                0x00000000       0x87
 .debug_line_str
                0x00000000       0x87 ./Core/Startup/startup_stm32f407vetx.o
