../Drivers/CMSIS/Include/core_cm4.h:1653:22:__NVIC_SetPriorityGrouping	24	static
../Core/Inc/Utility.h:132:6:Utility_Init	8	static
../Core/Inc/Utility.h:143:6:Configure_Clock	8	static
../Core/Inc/Utility.h:186:6:TIM2_Setup	4	static
../Core/Inc/Utility.h:196:6:Delay_us	16	static
../Core/Inc/Utility.h:203:6:Delay_ms	24	static
../Core/Inc/Utility.h:214:6:GPIO_Clock_Enable	16	static
../Core/Inc/Utility.h:220:6:GPIO_Pin_Mode	16	static
../Core/Inc/Utility.h:227:6:GPIO_Output_Type	16	static
../Core/Inc/Utility.h:234:20:GPIO_Write_Pin	16	static
../Core/Inc/Utility.h:257:6:GPIO_Resistor_Enable	16	static
../Core/Inc/Utility.h:264:23:GPIO_Read_Pin	16	static
../Core/Inc/Utility.h:283:6:ADC_Init	16	static
../Core/Inc/Utility.h:318:6:ADC_SingleChannel	16	static
../Core/Inc/Utility.h:348:10:ADC_GetSingleConversion	16	static
../Core/Inc/Utility.h:361:6:ADC_MultiChannel	40	static
../Core/Inc/Utility.h:416:6:ADC_GetMultiConversions	32	static
../Core/Inc/Utility.h:433:6:DAC_Init	16	static
../Core/Inc/Utility.h:457:6:DAC_SetValue	16	static
../Core/Inc/Utility.h:483:6:USART1_Init	4	static
../Core/Inc/Utility.h:505:5:__io_putchar	16	static
../Core/Inc/Utility.h:513:5:__io_getchar	4	static
../Core/Inc/Utility.h:519:6:USART1_IRQHandler	8	static
../Core/Inc/Utility.h:528:10:Random_Number	4	static
../Core/Src/main.c:4:5:main	16	static
