19:54:26 **** Build of configuration Debug for project segunda_unidade ****
make -j8 all 
arm-none-eabi-gcc "../Drivers/STM32F4xx_HAL_Driver/Src/stm32f4xx_hal.c" -mcpu=cortex-m4 -std=gnu11 -g3 -DDEBUG -DUSE_HAL_DRIVER -DSTM32F407xx -c -I../Core/Inc -I../Drivers/STM32F4xx_HAL_Driver/Inc -I../Drivers/STM32F4xx_HAL_Driver/Inc/Legacy -I../Drivers/CMSIS/Device/ST/STM32F4xx/Include -I../Drivers/CMSIS/Include -O0 -ffunction-sections -fdata-sections -Wall -fstack-usage -fcyclomatic-complexity -MMD -MP -MF"Drivers/STM32F4xx_HAL_Driver/Src/stm32f4xx_hal.d" -MT"Drivers/STM32F4xx_HAL_Driver/Src/stm32f4xx_hal.o" --specs=nano.specs -mfpu=fpv4-sp-d16 -mfloat-abi=hard -mthumb -o "Drivers/STM32F4xx_HAL_Driver/Src/stm32f4xx_hal.o"
arm-none-eabi-gcc "../Drivers/STM32F4xx_HAL_Driver/Src/stm32f4xx_hal_cortex.c" -mcpu=cortex-m4 -std=gnu11 -g3 -DDEBUG -DUSE_HAL_DRIVER -DSTM32F407xx -c -I../Core/Inc -I../Drivers/STM32F4xx_HAL_Driver/Inc -I../Drivers/STM32F4xx_HAL_Driver/Inc/Legacy -I../Drivers/CMSIS/Device/ST/STM32F4xx/Include -I../Drivers/CMSIS/Include -O0 -ffunction-sections -fdata-sections -Wall -fstack-usage -fcyclomatic-complexity -MMD -MP -MF"Drivers/STM32F4xx_HAL_Driver/Src/stm32f4xx_hal_cortex.d" -MT"Drivers/STM32F4xx_HAL_Driver/Src/stm32f4xx_hal_cortex.o" --specs=nano.specs -mfpu=fpv4-sp-d16 -mfloat-abi=hard -mthumb -o "Drivers/STM32F4xx_HAL_Driver/Src/stm32f4xx_hal_cortex.o"
arm-none-eabi-gcc "../Drivers/STM32F4xx_HAL_Driver/Src/stm32f4xx_hal_dma.c" -mcpu=cortex-m4 -std=gnu11 -g3 -DDEBUG -DUSE_HAL_DRIVER -DSTM32F407xx -c -I../Core/Inc -I../Drivers/STM32F4xx_HAL_Driver/Inc -I../Drivers/STM32F4xx_HAL_Driver/Inc/Legacy -I../Drivers/CMSIS/Device/ST/STM32F4xx/Include -I../Drivers/CMSIS/Include -O0 -ffunction-sections -fdata-sections -Wall -fstack-usage -fcyclomatic-complexity -MMD -MP -MF"Drivers/STM32F4xx_HAL_Driver/Src/stm32f4xx_hal_dma.d" -MT"Drivers/STM32F4xx_HAL_Driver/Src/stm32f4xx_hal_dma.o" --specs=nano.specs -mfpu=fpv4-sp-d16 -mfloat-abi=hard -mthumb -o "Drivers/STM32F4xx_HAL_Driver/Src/stm32f4xx_hal_dma.o"
arm-none-eabi-gcc "../Drivers/STM32F4xx_HAL_Driver/Src/stm32f4xx_hal_dma_ex.c" -mcpu=cortex-m4 -std=gnu11 -g3 -DDEBUG -DUSE_HAL_DRIVER -DSTM32F407xx -c -I../Core/Inc -I../Drivers/STM32F4xx_HAL_Driver/Inc -I../Drivers/STM32F4xx_HAL_Driver/Inc/Legacy -I../Drivers/CMSIS/Device/ST/STM32F4xx/Include -I../Drivers/CMSIS/Include -O0 -ffunction-sections -fdata-sections -Wall -fstack-usage -fcyclomatic-complexity -MMD -MP -MF"Drivers/STM32F4xx_HAL_Driver/Src/stm32f4xx_hal_dma_ex.d" -MT"Drivers/STM32F4xx_HAL_Driver/Src/stm32f4xx_hal_dma_ex.o" --specs=nano.specs -mfpu=fpv4-sp-d16 -mfloat-abi=hard -mthumb -o "Drivers/STM32F4xx_HAL_Driver/Src/stm32f4xx_hal_dma_ex.o"
arm-none-eabi-gcc "../Drivers/STM32F4xx_HAL_Driver/Src/stm32f4xx_hal_exti.c" -mcpu=cortex-m4 -std=gnu11 -g3 -DDEBUG -DUSE_HAL_DRIVER -DSTM32F407xx -c -I../Core/Inc -I../Drivers/STM32F4xx_HAL_Driver/Inc -I../Drivers/STM32F4xx_HAL_Driver/Inc/Legacy -I../Drivers/CMSIS/Device/ST/STM32F4xx/Include -I../Drivers/CMSIS/Include -O0 -ffunction-sections -fdata-sections -Wall -fstack-usage -fcyclomatic-complexity -MMD -MP -MF"Drivers/STM32F4xx_HAL_Driver/Src/stm32f4xx_hal_exti.d" -MT"Drivers/STM32F4xx_HAL_Driver/Src/stm32f4xx_hal_exti.o" --specs=nano.specs -mfpu=fpv4-sp-d16 -mfloat-abi=hard -mthumb -o "Drivers/STM32F4xx_HAL_Driver/Src/stm32f4xx_hal_exti.o"
arm-none-eabi-gcc "../Drivers/STM32F4xx_HAL_Driver/Src/stm32f4xx_hal_flash.c" -mcpu=cortex-m4 -std=gnu11 -g3 -DDEBUG -DUSE_HAL_DRIVER -DSTM32F407xx -c -I../Core/Inc -I../Drivers/STM32F4xx_HAL_Driver/Inc -I../Drivers/STM32F4xx_HAL_Driver/Inc/Legacy -I../Drivers/CMSIS/Device/ST/STM32F4xx/Include -I../Drivers/CMSIS/Include -O0 -ffunction-sections -fdata-sections -Wall -fstack-usage -fcyclomatic-complexity -MMD -MP -MF"Drivers/STM32F4xx_HAL_Driver/Src/stm32f4xx_hal_flash.d" -MT"Drivers/STM32F4xx_HAL_Driver/Src/stm32f4xx_hal_flash.o" --specs=nano.specs -mfpu=fpv4-sp-d16 -mfloat-abi=hard -mthumb -o "Drivers/STM32F4xx_HAL_Driver/Src/stm32f4xx_hal_flash.o"
arm-none-eabi-gcc "../Drivers/STM32F4xx_HAL_Driver/Src/stm32f4xx_hal_flash_ex.c" -mcpu=cortex-m4 -std=gnu11 -g3 -DDEBUG -DUSE_HAL_DRIVER -DSTM32F407xx -c -I../Core/Inc -I../Drivers/STM32F4xx_HAL_Driver/Inc -I../Drivers/STM32F4xx_HAL_Driver/Inc/Legacy -I../Drivers/CMSIS/Device/ST/STM32F4xx/Include -I../Drivers/CMSIS/Include -O0 -ffunction-sections -fdata-sections -Wall -fstack-usage -fcyclomatic-complexity -MMD -MP -MF"Drivers/STM32F4xx_HAL_Driver/Src/stm32f4xx_hal_flash_ex.d" -MT"Drivers/STM32F4xx_HAL_Driver/Src/stm32f4xx_hal_flash_ex.o" --specs=nano.specs -mfpu=fpv4-sp-d16 -mfloat-abi=hard -mthumb -o "Drivers/STM32F4xx_HAL_Driver/Src/stm32f4xx_hal_flash_ex.o"
arm-none-eabi-gcc "../Drivers/STM32F4xx_HAL_Driver/Src/stm32f4xx_hal_flash_ramfunc.c" -mcpu=cortex-m4 -std=gnu11 -g3 -DDEBUG -DUSE_HAL_DRIVER -DSTM32F407xx -c -I../Core/Inc -I../Drivers/STM32F4xx_HAL_Driver/Inc -I../Drivers/STM32F4xx_HAL_Driver/Inc/Legacy -I../Drivers/CMSIS/Device/ST/STM32F4xx/Include -I../Drivers/CMSIS/Include -O0 -ffunction-sections -fdata-sections -Wall -fstack-usage -fcyclomatic-complexity -MMD -MP -MF"Drivers/STM32F4xx_HAL_Driver/Src/stm32f4xx_hal_flash_ramfunc.d" -MT"Drivers/STM32F4xx_HAL_Driver/Src/stm32f4xx_hal_flash_ramfunc.o" --specs=nano.specs -mfpu=fpv4-sp-d16 -mfloat-abi=hard -mthumb -o "Drivers/STM32F4xx_HAL_Driver/Src/stm32f4xx_hal_flash_ramfunc.o"
arm-none-eabi-gcc "../Drivers/STM32F4xx_HAL_Driver/Src/stm32f4xx_hal_gpio.c" -mcpu=cortex-m4 -std=gnu11 -g3 -DDEBUG -DUSE_HAL_DRIVER -DSTM32F407xx -c -I../Core/Inc -I../Drivers/STM32F4xx_HAL_Driver/Inc -I../Drivers/STM32F4xx_HAL_Driver/Inc/Legacy -I../Drivers/CMSIS/Device/ST/STM32F4xx/Include -I../Drivers/CMSIS/Include -O0 -ffunction-sections -fdata-sections -Wall -fstack-usage -fcyclomatic-complexity -MMD -MP -MF"Drivers/STM32F4xx_HAL_Driver/Src/stm32f4xx_hal_gpio.d" -MT"Drivers/STM32F4xx_HAL_Driver/Src/stm32f4xx_hal_gpio.o" --specs=nano.specs -mfpu=fpv4-sp-d16 -mfloat-abi=hard -mthumb -o "Drivers/STM32F4xx_HAL_Driver/Src/stm32f4xx_hal_gpio.o"
arm-none-eabi-gcc "../Drivers/STM32F4xx_HAL_Driver/Src/stm32f4xx_hal_pwr.c" -mcpu=cortex-m4 -std=gnu11 -g3 -DDEBUG -DUSE_HAL_DRIVER -DSTM32F407xx -c -I../Core/Inc -I../Drivers/STM32F4xx_HAL_Driver/Inc -I../Drivers/STM32F4xx_HAL_Driver/Inc/Legacy -I../Drivers/CMSIS/Device/ST/STM32F4xx/Include -I../Drivers/CMSIS/Include -O0 -ffunction-sections -fdata-sections -Wall -fstack-usage -fcyclomatic-complexity -MMD -MP -MF"Drivers/STM32F4xx_HAL_Driver/Src/stm32f4xx_hal_pwr.d" -MT"Drivers/STM32F4xx_HAL_Driver/Src/stm32f4xx_hal_pwr.o" --specs=nano.specs -mfpu=fpv4-sp-d16 -mfloat-abi=hard -mthumb -o "Drivers/STM32F4xx_HAL_Driver/Src/stm32f4xx_hal_pwr.o"
arm-none-eabi-gcc "../Drivers/STM32F4xx_HAL_Driver/Src/stm32f4xx_hal_pwr_ex.c" -mcpu=cortex-m4 -std=gnu11 -g3 -DDEBUG -DUSE_HAL_DRIVER -DSTM32F407xx -c -I../Core/Inc -I../Drivers/STM32F4xx_HAL_Driver/Inc -I../Drivers/STM32F4xx_HAL_Driver/Inc/Legacy -I../Drivers/CMSIS/Device/ST/STM32F4xx/Include -I../Drivers/CMSIS/Include -O0 -ffunction-sections -fdata-sections -Wall -fstack-usage -fcyclomatic-complexity -MMD -MP -MF"Drivers/STM32F4xx_HAL_Driver/Src/stm32f4xx_hal_pwr_ex.d" -MT"Drivers/STM32F4xx_HAL_Driver/Src/stm32f4xx_hal_pwr_ex.o" --specs=nano.specs -mfpu=fpv4-sp-d16 -mfloat-abi=hard -mthumb -o "Drivers/STM32F4xx_HAL_Driver/Src/stm32f4xx_hal_pwr_ex.o"
arm-none-eabi-gcc "../Drivers/STM32F4xx_HAL_Driver/Src/stm32f4xx_hal_rcc.c" -mcpu=cortex-m4 -std=gnu11 -g3 -DDEBUG -DUSE_HAL_DRIVER -DSTM32F407xx -c -I../Core/Inc -I../Drivers/STM32F4xx_HAL_Driver/Inc -I../Drivers/STM32F4xx_HAL_Driver/Inc/Legacy -I../Drivers/CMSIS/Device/ST/STM32F4xx/Include -I../Drivers/CMSIS/Include -O0 -ffunction-sections -fdata-sections -Wall -fstack-usage -fcyclomatic-complexity -MMD -MP -MF"Drivers/STM32F4xx_HAL_Driver/Src/stm32f4xx_hal_rcc.d" -MT"Drivers/STM32F4xx_HAL_Driver/Src/stm32f4xx_hal_rcc.o" --specs=nano.specs -mfpu=fpv4-sp-d16 -mfloat-abi=hard -mthumb -o "Drivers/STM32F4xx_HAL_Driver/Src/stm32f4xx_hal_rcc.o"
arm-none-eabi-gcc "../Drivers/STM32F4xx_HAL_Driver/Src/stm32f4xx_hal_rcc_ex.c" -mcpu=cortex-m4 -std=gnu11 -g3 -DDEBUG -DUSE_HAL_DRIVER -DSTM32F407xx -c -I../Core/Inc -I../Drivers/STM32F4xx_HAL_Driver/Inc -I../Drivers/STM32F4xx_HAL_Driver/Inc/Legacy -I../Drivers/CMSIS/Device/ST/STM32F4xx/Include -I../Drivers/CMSIS/Include -O0 -ffunction-sections -fdata-sections -Wall -fstack-usage -fcyclomatic-complexity -MMD -MP -MF"Drivers/STM32F4xx_HAL_Driver/Src/stm32f4xx_hal_rcc_ex.d" -MT"Drivers/STM32F4xx_HAL_Driver/Src/stm32f4xx_hal_rcc_ex.o" --specs=nano.specs -mfpu=fpv4-sp-d16 -mfloat-abi=hard -mthumb -o "Drivers/STM32F4xx_HAL_Driver/Src/stm32f4xx_hal_rcc_ex.o"
arm-none-eabi-gcc -mcpu=cortex-m4 -g3 -DDEBUG -c -x assembler-with-cpp -MMD -MP -MF"Core/Startup/startup_stm32f407vetx.d" -MT"Core/Startup/startup_stm32f407vetx.o" --specs=nano.specs -mfpu=fpv4-sp-d16 -mfloat-abi=hard -mthumb -o "Core/Startup/startup_stm32f407vetx.o" "../Core/Startup/startup_stm32f407vetx.s"
arm-none-eabi-gcc "../Core/Src/main.c" -mcpu=cortex-m4 -std=gnu11 -g3 -DDEBUG -DUSE_HAL_DRIVER -DSTM32F407xx -c -I../Core/Inc -I../Drivers/STM32F4xx_HAL_Driver/Inc -I../Drivers/STM32F4xx_HAL_Driver/Inc/Legacy -I../Drivers/CMSIS/Device/ST/STM32F4xx/Include -I../Drivers/CMSIS/Include -O0 -ffunction-sections -fdata-sections -Wall -fstack-usage -fcyclomatic-complexity -MMD -MP -MF"Core/Src/main.d" -MT"Core/Src/main.o" --specs=nano.specs -mfpu=fpv4-sp-d16 -mfloat-abi=hard -mthumb -o "Core/Src/main.o"
arm-none-eabi-gcc "../Core/Src/stm32f4xx_hal_msp.c" -mcpu=cortex-m4 -std=gnu11 -g3 -DDEBUG -DUSE_HAL_DRIVER -DSTM32F407xx -c -I../Core/Inc -I../Drivers/STM32F4xx_HAL_Driver/Inc -I../Drivers/STM32F4xx_HAL_Driver/Inc/Legacy -I../Drivers/CMSIS/Device/ST/STM32F4xx/Include -I../Drivers/CMSIS/Include -O0 -ffunction-sections -fdata-sections -Wall -fstack-usage -fcyclomatic-complexity -MMD -MP -MF"Core/Src/stm32f4xx_hal_msp.d" -MT"Core/Src/stm32f4xx_hal_msp.o" --specs=nano.specs -mfpu=fpv4-sp-d16 -mfloat-abi=hard -mthumb -o "Core/Src/stm32f4xx_hal_msp.o"
arm-none-eabi-gcc "../Core/Src/stm32f4xx_it.c" -mcpu=cortex-m4 -std=gnu11 -g3 -DDEBUG -DUSE_HAL_DRIVER -DSTM32F407xx -c -I../Core/Inc -I../Drivers/STM32F4xx_HAL_Driver/Inc -I../Drivers/STM32F4xx_HAL_Driver/Inc/Legacy -I../Drivers/CMSIS/Device/ST/STM32F4xx/Include -I../Drivers/CMSIS/Include -O0 -ffunction-sections -fdata-sections -Wall -fstack-usage -fcyclomatic-complexity -MMD -MP -MF"Core/Src/stm32f4xx_it.d" -MT"Core/Src/stm32f4xx_it.o" --specs=nano.specs -mfpu=fpv4-sp-d16 -mfloat-abi=hard -mthumb -o "Core/Src/stm32f4xx_it.o"
arm-none-eabi-gcc "../Core/Src/syscalls.c" -mcpu=cortex-m4 -std=gnu11 -g3 -DDEBUG -DUSE_HAL_DRIVER -DSTM32F407xx -c -I../Core/Inc -I../Drivers/STM32F4xx_HAL_Driver/Inc -I../Drivers/STM32F4xx_HAL_Driver/Inc/Legacy -I../Drivers/CMSIS/Device/ST/STM32F4xx/Include -I../Drivers/CMSIS/Include -O0 -ffunction-sections -fdata-sections -Wall -fstack-usage -fcyclomatic-complexity -MMD -MP -MF"Core/Src/syscalls.d" -MT"Core/Src/syscalls.o" --specs=nano.specs -mfpu=fpv4-sp-d16 -mfloat-abi=hard -mthumb -o "Core/Src/syscalls.o"
arm-none-eabi-gcc "../Core/Src/sysmem.c" -mcpu=cortex-m4 -std=gnu11 -g3 -DDEBUG -DUSE_HAL_DRIVER -DSTM32F407xx -c -I../Core/Inc -I../Drivers/STM32F4xx_HAL_Driver/Inc -I../Drivers/STM32F4xx_HAL_Driver/Inc/Legacy -I../Drivers/CMSIS/Device/ST/STM32F4xx/Include -I../Drivers/CMSIS/Include -O0 -ffunction-sections -fdata-sections -Wall -fstack-usage -fcyclomatic-complexity -MMD -MP -MF"Core/Src/sysmem.d" -MT"Core/Src/sysmem.o" --specs=nano.specs -mfpu=fpv4-sp-d16 -mfloat-abi=hard -mthumb -o "Core/Src/sysmem.o"
arm-none-eabi-gcc "../Core/Src/system_stm32f4xx.c" -mcpu=cortex-m4 -std=gnu11 -g3 -DDEBUG -DUSE_HAL_DRIVER -DSTM32F407xx -c -I../Core/Inc -I../Drivers/STM32F4xx_HAL_Driver/Inc -I../Drivers/STM32F4xx_HAL_Driver/Inc/Legacy -I../Drivers/CMSIS/Device/ST/STM32F4xx/Include -I../Drivers/CMSIS/Include -O0 -ffunction-sections -fdata-sections -Wall -fstack-usage -fcyclomatic-complexity -MMD -MP -MF"Core/Src/system_stm32f4xx.d" -MT"Core/Src/system_stm32f4xx.o" --specs=nano.specs -mfpu=fpv4-sp-d16 -mfloat-abi=hard -mthumb -o "Core/Src/system_stm32f4xx.o"
arm-none-eabi-g++ -o "segunda_unidade.elf" @"objects.list"   -mcpu=cortex-m4 -T"D:\Josue\Engenharia de Computacao\microprocessadores-microcontroladores\segunda_unidade\STM32F407VETX_FLASH.ld" --specs=nosys.specs -Wl,-Map="segunda_unidade.map" -Wl,--gc-sections -static --specs=nano.specs -mfpu=fpv4-sp-d16 -mfloat-abi=hard -mthumb -Wl,--start-group -lc -lm -lstdc++ -lsupc++ -Wl,--end-group
Finished building target: segunda_unidade.elf
 
arm-none-eabi-size  segunda_unidade.elf 
arm-none-eabi-objdump -h -S segunda_unidade.elf  > "segunda_unidade.list"
   text	   data	    bss	    dec	    hex	filename
   4812	     12	   1572	   6396	   18fc	segunda_unidade.elf
Finished building: default.size.stdout
 
Finished building: segunda_unidade.list
 
22:33:54 **** Incremental Build of configuration Debug for project segunda_unidade ****
make -j8 all 
arm-none-eabi-gcc "../Core/Src/main.c" -mcpu=cortex-m4 -std=gnu11 -g3 -DDEBUG -DUSE_HAL_DRIVER -DSTM32F407xx -c -I../Core/Inc -I../Drivers/STM32F4xx_HAL_Driver/Inc -I../Drivers/STM32F4xx_HAL_Driver/Inc/Legacy -I../Drivers/CMSIS/Device/ST/STM32F4xx/Include -I../Drivers/CMSIS/Include -O0 -ffunction-sections -fdata-sections -Wall -fstack-usage -fcyclomatic-complexity -MMD -MP -MF"Core/Src/main.d" -MT"Core/Src/main.o" --specs=nano.specs -mfpu=fpv4-sp-d16 -mfloat-abi=hard -mthumb -o "Core/Src/main.o"
arm-none-eabi-g++ -o "segunda_unidade.elf" @"objects.list"   -mcpu=cortex-m4 -T"D:\Josue\Engenharia de Computacao\microprocessadores-microcontroladores\segunda_unidade\STM32F407VETX_FLASH.ld" --specs=nosys.specs -Wl,-Map="segunda_unidade.map" -Wl,--gc-sections -static --specs=nano.specs -mfpu=fpv4-sp-d16 -mfloat-abi=hard -mthumb -Wl,--start-group -lc -lm -lstdc++ -lsupc++ -Wl,--end-group
Finished building target: segunda_unidade.elf
 
arm-none-eabi-size  segunda_unidade.elf 
arm-none-eabi-objdump -h -S segunda_unidade.elf  > "segunda_unidade.list"
   text	   data	    bss	    dec	    hex	filename
    924	      4	   1572	   2500	    9c4	segunda_unidade.elf
Finished building: default.size.stdout
 
Finished building: segunda_unidade.list
 
11:02:14 **** Incremental Build of configuration Debug for project segunda_unidade ****
make -j8 all 
arm-none-eabi-gcc "../Core/Src/main.c" -mcpu=cortex-m4 -std=gnu11 -g3 -DDEBUG -DUSE_HAL_DRIVER -DSTM32F407xx -c -I../Core/Inc -I../Drivers/STM32F4xx_HAL_Driver/Inc -I../Drivers/STM32F4xx_HAL_Driver/Inc/Legacy -I../Drivers/CMSIS/Device/ST/STM32F4xx/Include -I../Drivers/CMSIS/Include -O0 -ffunction-sections -fdata-sections -Wall -fstack-usage -fcyclomatic-complexity -MMD -MP -MF"Core/Src/main.d" -MT"Core/Src/main.o" --specs=nano.specs -mfpu=fpv4-sp-d16 -mfloat-abi=hard -mthumb -o "Core/Src/main.o"
../Core/Src/main.c: In function 'main':
../Core/Src/main.c:45:17: warning: implicit declaration of function 'Dela_ms'; did you mean 'Delay_ms'? [-Wimplicit-function-declaration]
   45 |                 Dela_ms(1000);
      |                 ^~~~~~~
      |                 Delay_ms
arm-none-eabi-g++ -o "segunda_unidade.elf" @"objects.list"   -mcpu=cortex-m4 -T"D:\Josue\Engenharia de Computacao\microprocessadores-microcontroladores\segunda_unidade\STM32F407VETX_FLASH.ld" --specs=nosys.specs -Wl,-Map="segunda_unidade.map" -Wl,--gc-sections -static --specs=nano.specs -mfpu=fpv4-sp-d16 -mfloat-abi=hard -mthumb -Wl,--start-group -lc -lm -lstdc++ -lsupc++ -Wl,--end-group
D:/Arquivos de Programas/STM32CubeIDE_1.18.0/STM32CubeIDE/plugins/com.st.stm32cube.ide.mcu.externaltools.gnu-tools-for-stm32.13.3.rel1.win32_1.0.0.202411081344/tools/bin/../lib/gcc/arm-none-eabi/13.3.1/../../../../arm-none-eabi/bin/ld.exe: ./Core/Src/main.o: in function `main':
D:/Josue/Engenharia de Computacao/microprocessadores-microcontroladores/segunda_unidade/Debug/../Core/Src/main.c:45:(.text.main+0xe): undefined reference to `Dela_ms'
collect2.exe: error: ld returned 1 exit status
make: *** [makefile:88: segunda_unidade.elf] Error 1
"make -j8 all" terminated with exit code 2. Build might be incomplete.
11:02:25 **** Incremental Build of configuration Debug for project segunda_unidade ****
make -j8 all 
arm-none-eabi-gcc "../Core/Src/main.c" -mcpu=cortex-m4 -std=gnu11 -g3 -DDEBUG -DUSE_HAL_DRIVER -DSTM32F407xx -c -I../Core/Inc -I../Drivers/STM32F4xx_HAL_Driver/Inc -I../Drivers/STM32F4xx_HAL_Driver/Inc/Legacy -I../Drivers/CMSIS/Device/ST/STM32F4xx/Include -I../Drivers/CMSIS/Include -O0 -ffunction-sections -fdata-sections -Wall -fstack-usage -fcyclomatic-complexity -MMD -MP -MF"Core/Src/main.d" -MT"Core/Src/main.o" --specs=nano.specs -mfpu=fpv4-sp-d16 -mfloat-abi=hard -mthumb -o "Core/Src/main.o"
arm-none-eabi-g++ -o "segunda_unidade.elf" @"objects.list"   -mcpu=cortex-m4 -T"D:\Josue\Engenharia de Computacao\microprocessadores-microcontroladores\segunda_unidade\STM32F407VETX_FLASH.ld" --specs=nosys.specs -Wl,-Map="segunda_unidade.map" -Wl,--gc-sections -static --specs=nano.specs -mfpu=fpv4-sp-d16 -mfloat-abi=hard -mthumb -Wl,--start-group -lc -lm -lstdc++ -lsupc++ -Wl,--end-group
Finished building target: segunda_unidade.elf
 
arm-none-eabi-size  segunda_unidade.elf 
arm-none-eabi-objdump -h -S segunda_unidade.elf  > "segunda_unidade.list"
   text	   data	    bss	    dec	    hex	filename
   3724	     96	   1904	   5724	   165c	segunda_unidade.elf
Finished building: default.size.stdout
 
Finished building: segunda_unidade.list
 
11:05:04 **** Incremental Build of configuration Debug for project segunda_unidade ****
make -j8 all 
arm-none-eabi-size  segunda_unidade.elf 
   text	   data	    bss	    dec	    hex	filename
   3724	     96	   1904	   5724	   165c	segunda_unidade.elf
Finished building: default.size.stdout
 
11:10:38 **** Incremental Build of configuration Debug for project segunda_unidade ****
make -j8 all 
arm-none-eabi-size  segunda_unidade.elf 
   text	   data	    bss	    dec	    hex	filename
   3724	     96	   1904	   5724	   165c	segunda_unidade.elf
Finished building: default.size.stdout
 
11:11:54 **** Incremental Build of configuration Debug for project segunda_unidade ****
make -j8 all 
arm-none-eabi-size  segunda_unidade.elf 
   text	   data	    bss	    dec	    hex	filename
   3724	     96	   1904	   5724	   165c	segunda_unidade.elf
Finished building: default.size.stdout
 
11:14:23 **** Incremental Build of configuration Debug for project segunda_unidade ****
make -j8 all 
arm-none-eabi-gcc "../Core/Src/main.c" -mcpu=cortex-m4 -std=gnu11 -g3 -DDEBUG -DUSE_HAL_DRIVER -DSTM32F407xx -c -I../Core/Inc -I../Drivers/STM32F4xx_HAL_Driver/Inc -I../Drivers/STM32F4xx_HAL_Driver/Inc/Legacy -I../Drivers/CMSIS/Device/ST/STM32F4xx/Include -I../Drivers/CMSIS/Include -O0 -ffunction-sections -fdata-sections -Wall -fstack-usage -fcyclomatic-complexity -MMD -MP -MF"Core/Src/main.d" -MT"Core/Src/main.o" --specs=nano.specs -mfpu=fpv4-sp-d16 -mfloat-abi=hard -mthumb -o "Core/Src/main.o"
arm-none-eabi-g++ -o "segunda_unidade.elf" @"objects.list"   -mcpu=cortex-m4 -T"D:\Josue\Engenharia de Computacao\microprocessadores-microcontroladores\segunda_unidade\STM32F407VETX_FLASH.ld" --specs=nosys.specs -Wl,-Map="segunda_unidade.map" -Wl,--gc-sections -static --specs=nano.specs -mfpu=fpv4-sp-d16 -mfloat-abi=hard -mthumb -Wl,--start-group -lc -lm -lstdc++ -lsupc++ -Wl,--end-group
Finished building target: segunda_unidade.elf
 
arm-none-eabi-size  segunda_unidade.elf 
arm-none-eabi-objdump -h -S segunda_unidade.elf  > "segunda_unidade.list"
   text	   data	    bss	    dec	    hex	filename
   3724	     96	   1904	   5724	   165c	segunda_unidade.elf
Finished building: default.size.stdout
 
Finished building: segunda_unidade.list
 
11:15:48 **** Incremental Build of configuration Debug for project segunda_unidade ****
make -j8 all 
arm-none-eabi-size  segunda_unidade.elf 
   text	   data	    bss	    dec	    hex	filename
   3724	     96	   1904	   5724	   165c	segunda_unidade.elf
Finished building: default.size.stdout
 
11:17:17 **** Incremental Build of configuration Debug for project segunda_unidade ****
make -j8 all 
arm-none-eabi-gcc "../Core/Src/main.c" -mcpu=cortex-m4 -std=gnu11 -g3 -DDEBUG -DUSE_HAL_DRIVER -DSTM32F407xx -c -I../Core/Inc -I../Drivers/STM32F4xx_HAL_Driver/Inc -I../Drivers/STM32F4xx_HAL_Driver/Inc/Legacy -I../Drivers/CMSIS/Device/ST/STM32F4xx/Include -I../Drivers/CMSIS/Include -O0 -ffunction-sections -fdata-sections -Wall -fstack-usage -fcyclomatic-complexity -MMD -MP -MF"Core/Src/main.d" -MT"Core/Src/main.o" --specs=nano.specs -mfpu=fpv4-sp-d16 -mfloat-abi=hard -mthumb -o "Core/Src/main.o"
arm-none-eabi-g++ -o "segunda_unidade.elf" @"objects.list"   -mcpu=cortex-m4 -T"D:\Josue\Engenharia de Computacao\microprocessadores-microcontroladores\segunda_unidade\STM32F407VETX_FLASH.ld" --specs=nosys.specs -Wl,-Map="segunda_unidade.map" -Wl,--gc-sections -static --specs=nano.specs -mfpu=fpv4-sp-d16 -mfloat-abi=hard -mthumb -Wl,--start-group -lc -lm -lstdc++ -lsupc++ -Wl,--end-group
Finished building target: segunda_unidade.elf
 
arm-none-eabi-size  segunda_unidade.elf 
arm-none-eabi-objdump -h -S segunda_unidade.elf  > "segunda_unidade.list"
   text	   data	    bss	    dec	    hex	filename
   4908	     96	   1904	   6908	   1afc	segunda_unidade.elf
Finished building: default.size.stdout
 
Finished building: segunda_unidade.list
 
11:23:36 **** Incremental Build of configuration Debug for project segunda_unidade ****
make -j8 all 
arm-none-eabi-gcc "../Core/Src/main.c" -mcpu=cortex-m4 -std=gnu11 -g3 -DDEBUG -DUSE_HAL_DRIVER -DSTM32F407xx -c -I../Core/Inc -I../Drivers/STM32F4xx_HAL_Driver/Inc -I../Drivers/STM32F4xx_HAL_Driver/Inc/Legacy -I../Drivers/CMSIS/Device/ST/STM32F4xx/Include -I../Drivers/CMSIS/Include -O0 -ffunction-sections -fdata-sections -Wall -fstack-usage -fcyclomatic-complexity -MMD -MP -MF"Core/Src/main.d" -MT"Core/Src/main.o" --specs=nano.specs -mfpu=fpv4-sp-d16 -mfloat-abi=hard -mthumb -o "Core/Src/main.o"
arm-none-eabi-g++ -o "segunda_unidade.elf" @"objects.list"   -mcpu=cortex-m4 -T"D:\Josue\Engenharia de Computacao\microprocessadores-microcontroladores\segunda_unidade\STM32F407VETX_FLASH.ld" --specs=nosys.specs -Wl,-Map="segunda_unidade.map" -Wl,--gc-sections -static --specs=nano.specs -mfpu=fpv4-sp-d16 -mfloat-abi=hard -mthumb -Wl,--start-group -lc -lm -lstdc++ -lsupc++ -Wl,--end-group
Finished building target: segunda_unidade.elf
 
arm-none-eabi-size  segunda_unidade.elf 
arm-none-eabi-objdump -h -S segunda_unidade.elf  > "segunda_unidade.list"
   text	   data	    bss	    dec	    hex	filename
   6268	     96	   1904	   8268	   204c	segunda_unidade.elf
Finished building: default.size.stdout
 
Finished building: segunda_unidade.list
 
11:27:38 **** Incremental Build of configuration Debug for project segunda_unidade ****
make -j8 all 
arm-none-eabi-gcc "../Core/Src/main.c" -mcpu=cortex-m4 -std=gnu11 -g3 -DDEBUG -DUSE_HAL_DRIVER -DSTM32F407xx -c -I../Core/Inc -I../Drivers/STM32F4xx_HAL_Driver/Inc -I../Drivers/STM32F4xx_HAL_Driver/Inc/Legacy -I../Drivers/CMSIS/Device/ST/STM32F4xx/Include -I../Drivers/CMSIS/Include -O0 -ffunction-sections -fdata-sections -Wall -fstack-usage -fcyclomatic-complexity -MMD -MP -MF"Core/Src/main.d" -MT"Core/Src/main.o" --specs=nano.specs -mfpu=fpv4-sp-d16 -mfloat-abi=hard -mthumb -o "Core/Src/main.o"
arm-none-eabi-g++ -o "segunda_unidade.elf" @"objects.list"   -mcpu=cortex-m4 -T"D:\Josue\Engenharia de Computacao\microprocessadores-microcontroladores\segunda_unidade\STM32F407VETX_FLASH.ld" --specs=nosys.specs -Wl,-Map="segunda_unidade.map" -Wl,--gc-sections -static --specs=nano.specs -mfpu=fpv4-sp-d16 -mfloat-abi=hard -mthumb -Wl,--start-group -lc -lm -lstdc++ -lsupc++ -Wl,--end-group
Finished building target: segunda_unidade.elf
 
arm-none-eabi-size  segunda_unidade.elf 
arm-none-eabi-objdump -h -S segunda_unidade.elf  > "segunda_unidade.list"
   text	   data	    bss	    dec	    hex	filename
   6396	     96	   1904	   8396	   20cc	segunda_unidade.elf
Finished building: default.size.stdout
 
Finished building: segunda_unidade.list
 
11:28:39 **** Incremental Build of configuration Debug for project segunda_unidade ****
make -j8 all 
arm-none-eabi-gcc "../Core/Src/main.c" -mcpu=cortex-m4 -std=gnu11 -g3 -DDEBUG -DUSE_HAL_DRIVER -DSTM32F407xx -c -I../Core/Inc -I../Drivers/STM32F4xx_HAL_Driver/Inc -I../Drivers/STM32F4xx_HAL_Driver/Inc/Legacy -I../Drivers/CMSIS/Device/ST/STM32F4xx/Include -I../Drivers/CMSIS/Include -O0 -ffunction-sections -fdata-sections -Wall -fstack-usage -fcyclomatic-complexity -MMD -MP -MF"Core/Src/main.d" -MT"Core/Src/main.o" --specs=nano.specs -mfpu=fpv4-sp-d16 -mfloat-abi=hard -mthumb -o "Core/Src/main.o"
arm-none-eabi-g++ -o "segunda_unidade.elf" @"objects.list"   -mcpu=cortex-m4 -T"D:\Josue\Engenharia de Computacao\microprocessadores-microcontroladores\segunda_unidade\STM32F407VETX_FLASH.ld" --specs=nosys.specs -Wl,-Map="segunda_unidade.map" -Wl,--gc-sections -static --specs=nano.specs -mfpu=fpv4-sp-d16 -mfloat-abi=hard -mthumb -Wl,--start-group -lc -lm -lstdc++ -lsupc++ -Wl,--end-group
Finished building target: segunda_unidade.elf
 
arm-none-eabi-size  segunda_unidade.elf 
arm-none-eabi-objdump -h -S segunda_unidade.elf  > "segunda_unidade.list"
   text	   data	    bss	    dec	    hex	filename
   6396	     96	   1904	   8396	   20cc	segunda_unidade.elf
Finished building: default.size.stdout
 
Finished building: segunda_unidade.list
 
11:29:54 **** Incremental Build of configuration Debug for project segunda_unidade ****
make -j8 all 
arm-none-eabi-gcc "../Core/Src/main.c" -mcpu=cortex-m4 -std=gnu11 -g3 -DDEBUG -DUSE_HAL_DRIVER -DSTM32F407xx -c -I../Core/Inc -I../Drivers/STM32F4xx_HAL_Driver/Inc -I../Drivers/STM32F4xx_HAL_Driver/Inc/Legacy -I../Drivers/CMSIS/Device/ST/STM32F4xx/Include -I../Drivers/CMSIS/Include -O0 -ffunction-sections -fdata-sections -Wall -fstack-usage -fcyclomatic-complexity -MMD -MP -MF"Core/Src/main.d" -MT"Core/Src/main.o" --specs=nano.specs -mfpu=fpv4-sp-d16 -mfloat-abi=hard -mthumb -o "Core/Src/main.o"
arm-none-eabi-g++ -o "segunda_unidade.elf" @"objects.list"   -mcpu=cortex-m4 -T"D:\Josue\Engenharia de Computacao\microprocessadores-microcontroladores\segunda_unidade\STM32F407VETX_FLASH.ld" --specs=nosys.specs -Wl,-Map="segunda_unidade.map" -Wl,--gc-sections -static --specs=nano.specs -mfpu=fpv4-sp-d16 -mfloat-abi=hard -mthumb -Wl,--start-group -lc -lm -lstdc++ -lsupc++ -Wl,--end-group
Finished building target: segunda_unidade.elf
 
arm-none-eabi-size  segunda_unidade.elf 
arm-none-eabi-objdump -h -S segunda_unidade.elf  > "segunda_unidade.list"
   text	   data	    bss	    dec	    hex	filename
   6616	     96	   1904	   8616	   21a8	segunda_unidade.elf
Finished building: default.size.stdout
 
Finished building: segunda_unidade.list
 
11:31:55 **** Incremental Build of configuration Debug for project segunda_unidade ****
make -j8 all 
arm-none-eabi-gcc "../Core/Src/main.c" -mcpu=cortex-m4 -std=gnu11 -g3 -DDEBUG -DUSE_HAL_DRIVER -DSTM32F407xx -c -I../Core/Inc -I../Drivers/STM32F4xx_HAL_Driver/Inc -I../Drivers/STM32F4xx_HAL_Driver/Inc/Legacy -I../Drivers/CMSIS/Device/ST/STM32F4xx/Include -I../Drivers/CMSIS/Include -O0 -ffunction-sections -fdata-sections -Wall -fstack-usage -fcyclomatic-complexity -MMD -MP -MF"Core/Src/main.d" -MT"Core/Src/main.o" --specs=nano.specs -mfpu=fpv4-sp-d16 -mfloat-abi=hard -mthumb -o "Core/Src/main.o"
arm-none-eabi-g++ -o "segunda_unidade.elf" @"objects.list"   -mcpu=cortex-m4 -T"D:\Josue\Engenharia de Computacao\microprocessadores-microcontroladores\segunda_unidade\STM32F407VETX_FLASH.ld" --specs=nosys.specs -Wl,-Map="segunda_unidade.map" -Wl,--gc-sections -static --specs=nano.specs -mfpu=fpv4-sp-d16 -mfloat-abi=hard -mthumb -Wl,--start-group -lc -lm -lstdc++ -lsupc++ -Wl,--end-group
Finished building target: segunda_unidade.elf
 
arm-none-eabi-size  segunda_unidade.elf 
arm-none-eabi-objdump -h -S segunda_unidade.elf  > "segunda_unidade.list"
   text	   data	    bss	    dec	    hex	filename
   4916	     96	   1904	   6916	   1b04	segunda_unidade.elf
Finished building: default.size.stdout
 
Finished building: segunda_unidade.list
 
11:32:47 **** Incremental Build of configuration Debug for project segunda_unidade ****
make -j8 all 
arm-none-eabi-gcc "../Core/Src/main.c" -mcpu=cortex-m4 -std=gnu11 -g3 -DDEBUG -DUSE_HAL_DRIVER -DSTM32F407xx -c -I../Core/Inc -I../Drivers/STM32F4xx_HAL_Driver/Inc -I../Drivers/STM32F4xx_HAL_Driver/Inc/Legacy -I../Drivers/CMSIS/Device/ST/STM32F4xx/Include -I../Drivers/CMSIS/Include -O0 -ffunction-sections -fdata-sections -Wall -fstack-usage -fcyclomatic-complexity -MMD -MP -MF"Core/Src/main.d" -MT"Core/Src/main.o" --specs=nano.specs -mfpu=fpv4-sp-d16 -mfloat-abi=hard -mthumb -o "Core/Src/main.o"
arm-none-eabi-g++ -o "segunda_unidade.elf" @"objects.list"   -mcpu=cortex-m4 -T"D:\Josue\Engenharia de Computacao\microprocessadores-microcontroladores\segunda_unidade\STM32F407VETX_FLASH.ld" --specs=nosys.specs -Wl,-Map="segunda_unidade.map" -Wl,--gc-sections -static --specs=nano.specs -mfpu=fpv4-sp-d16 -mfloat-abi=hard -mthumb -Wl,--start-group -lc -lm -lstdc++ -lsupc++ -Wl,--end-group
Finished building target: segunda_unidade.elf
 
arm-none-eabi-size  segunda_unidade.elf 
arm-none-eabi-objdump -h -S segunda_unidade.elf  > "segunda_unidade.list"
   text	   data	    bss	    dec	    hex	filename
   4916	     96	   1904	   6916	   1b04	segunda_unidade.elf
Finished building: default.size.stdout
 
Finished building: segunda_unidade.list
 
11:35:18 **** Incremental Build of configuration Debug for project segunda_unidade ****
make -j8 all 
arm-none-eabi-gcc "../Core/Src/main.c" -mcpu=cortex-m4 -std=gnu11 -g3 -DDEBUG -DUSE_HAL_DRIVER -DSTM32F407xx -c -I../Core/Inc -I../Drivers/STM32F4xx_HAL_Driver/Inc -I../Drivers/STM32F4xx_HAL_Driver/Inc/Legacy -I../Drivers/CMSIS/Device/ST/STM32F4xx/Include -I../Drivers/CMSIS/Include -O0 -ffunction-sections -fdata-sections -Wall -fstack-usage -fcyclomatic-complexity -MMD -MP -MF"Core/Src/main.d" -MT"Core/Src/main.o" --specs=nano.specs -mfpu=fpv4-sp-d16 -mfloat-abi=hard -mthumb -o "Core/Src/main.o"
arm-none-eabi-g++ -o "segunda_unidade.elf" @"objects.list"   -mcpu=cortex-m4 -T"D:\Josue\Engenharia de Computacao\microprocessadores-microcontroladores\segunda_unidade\STM32F407VETX_FLASH.ld" --specs=nosys.specs -Wl,-Map="segunda_unidade.map" -Wl,--gc-sections -static --specs=nano.specs -mfpu=fpv4-sp-d16 -mfloat-abi=hard -mthumb -Wl,--start-group -lc -lm -lstdc++ -lsupc++ -Wl,--end-group
Finished building target: segunda_unidade.elf
 
arm-none-eabi-size  segunda_unidade.elf 
arm-none-eabi-objdump -h -S segunda_unidade.elf  > "segunda_unidade.list"
   text	   data	    bss	    dec	    hex	filename
   4888	     96	   1904	   6888	   1ae8	segunda_unidade.elf
Finished building: default.size.stdout
 
Finished building: segunda_unidade.list
 
11:40:23 **** Incremental Build of configuration Debug for project segunda_unidade ****
make -j8 all 
arm-none-eabi-gcc "../Core/Src/main.c" -mcpu=cortex-m4 -std=gnu11 -g3 -DDEBUG -DUSE_HAL_DRIVER -DSTM32F407xx -c -I../Core/Inc -I../Drivers/STM32F4xx_HAL_Driver/Inc -I../Drivers/STM32F4xx_HAL_Driver/Inc/Legacy -I../Drivers/CMSIS/Device/ST/STM32F4xx/Include -I../Drivers/CMSIS/Include -O0 -ffunction-sections -fdata-sections -Wall -fstack-usage -fcyclomatic-complexity -MMD -MP -MF"Core/Src/main.d" -MT"Core/Src/main.o" --specs=nano.specs -mfpu=fpv4-sp-d16 -mfloat-abi=hard -mthumb -o "Core/Src/main.o"
arm-none-eabi-g++ -o "segunda_unidade.elf" @"objects.list"   -mcpu=cortex-m4 -T"D:\Josue\Engenharia de Computacao\microprocessadores-microcontroladores\segunda_unidade\STM32F407VETX_FLASH.ld" --specs=nosys.specs -Wl,-Map="segunda_unidade.map" -Wl,--gc-sections -static --specs=nano.specs -mfpu=fpv4-sp-d16 -mfloat-abi=hard -mthumb -Wl,--start-group -lc -lm -lstdc++ -lsupc++ -Wl,--end-group
Finished building target: segunda_unidade.elf
 
arm-none-eabi-size  segunda_unidade.elf 
arm-none-eabi-objdump -h -S segunda_unidade.elf  > "segunda_unidade.list"
   text	   data	    bss	    dec	    hex	filename
   5084	     96	   1904	   7084	   1bac	segunda_unidade.elf
Finished building: default.size.stdout
 
Finished building: segunda_unidade.list
 
11:41:37 **** Incremental Build of configuration Debug for project segunda_unidade ****
make -j8 all 
arm-none-eabi-gcc "../Core/Src/main.c" -mcpu=cortex-m4 -std=gnu11 -g3 -DDEBUG -DUSE_HAL_DRIVER -DSTM32F407xx -c -I../Core/Inc -I../Drivers/STM32F4xx_HAL_Driver/Inc -I../Drivers/STM32F4xx_HAL_Driver/Inc/Legacy -I../Drivers/CMSIS/Device/ST/STM32F4xx/Include -I../Drivers/CMSIS/Include -O0 -ffunction-sections -fdata-sections -Wall -fstack-usage -fcyclomatic-complexity -MMD -MP -MF"Core/Src/main.d" -MT"Core/Src/main.o" --specs=nano.specs -mfpu=fpv4-sp-d16 -mfloat-abi=hard -mthumb -o "Core/Src/main.o"
arm-none-eabi-g++ -o "segunda_unidade.elf" @"objects.list"   -mcpu=cortex-m4 -T"D:\Josue\Engenharia de Computacao\microprocessadores-microcontroladores\segunda_unidade\STM32F407VETX_FLASH.ld" --specs=nosys.specs -Wl,-Map="segunda_unidade.map" -Wl,--gc-sections -static --specs=nano.specs -mfpu=fpv4-sp-d16 -mfloat-abi=hard -mthumb -Wl,--start-group -lc -lm -lstdc++ -lsupc++ -Wl,--end-group
Finished building target: segunda_unidade.elf
 
arm-none-eabi-size  segunda_unidade.elf 
arm-none-eabi-objdump -h -S segunda_unidade.elf  > "segunda_unidade.list"
   text	   data	    bss	    dec	    hex	filename
   5084	     96	   1904	   7084	   1bac	segunda_unidade.elf
Finished building: default.size.stdout
 
Finished building: segunda_unidade.list
 
07:40:39 **** Build of configuration Debug for project segunda_unidade ****
make -j8 all 
arm-none-eabi-gcc "../Core/Src/main.c" -mcpu=cortex-m4 -std=gnu11 -g3 -DDEBUG -DUSE_HAL_DRIVER -DSTM32F407xx -c -I../Core/Inc -I../Drivers/STM32F4xx_HAL_Driver/Inc -I../Drivers/STM32F4xx_HAL_Driver/Inc/Legacy -I../Drivers/CMSIS/Device/ST/STM32F4xx/Include -I../Drivers/CMSIS/Include -O0 -ffunction-sections -fdata-sections -Wall -fstack-usage -fcyclomatic-complexity -MMD -MP -MF"Core/Src/main.d" -MT"Core/Src/main.o" --specs=nano.specs -mfpu=fpv4-sp-d16 -mfloat-abi=hard -mthumb -o "Core/Src/main.o"
arm-none-eabi-g++ -o "segunda_unidade.elf" @"objects.list"   -mcpu=cortex-m4 -T"D:\Josue\Engenharia de Computacao\microprocessadores-microcontroladores\segunda_unidade\STM32F407VETX_FLASH.ld" --specs=nosys.specs -Wl,-Map="segunda_unidade.map" -Wl,--gc-sections -static --specs=nano.specs -mfpu=fpv4-sp-d16 -mfloat-abi=hard -mthumb -Wl,--start-group -lc -lm -lstdc++ -lsupc++ -Wl,--end-group
Finished building target: segunda_unidade.elf
 
arm-none-eabi-size  segunda_unidade.elf 
arm-none-eabi-objdump -h -S segunda_unidade.elf  > "segunda_unidade.list"
   text	   data	    bss	    dec	    hex	filename
   2236	      4	   1572	   3812	    ee4	segunda_unidade.elf
Finished building: default.size.stdout
 
Finished building: segunda_unidade.list
 
07:47:36 **** Incremental Build of configuration Debug for project segunda_unidade ****
make -j8 all 
arm-none-eabi-gcc "../Core/Src/main.c" -mcpu=cortex-m4 -std=gnu11 -g3 -DDEBUG -DUSE_HAL_DRIVER -DSTM32F407xx -c -I../Core/Inc -I../Drivers/STM32F4xx_HAL_Driver/Inc -I../Drivers/STM32F4xx_HAL_Driver/Inc/Legacy -I../Drivers/CMSIS/Device/ST/STM32F4xx/Include -I../Drivers/CMSIS/Include -O0 -ffunction-sections -fdata-sections -Wall -fstack-usage -fcyclomatic-complexity -MMD -MP -MF"Core/Src/main.d" -MT"Core/Src/main.o" --specs=nano.specs -mfpu=fpv4-sp-d16 -mfloat-abi=hard -mthumb -o "Core/Src/main.o"
arm-none-eabi-g++ -o "segunda_unidade.elf" @"objects.list"   -mcpu=cortex-m4 -T"D:\Josue\Engenharia de Computacao\microprocessadores-microcontroladores\segunda_unidade\STM32F407VETX_FLASH.ld" --specs=nosys.specs -Wl,-Map="segunda_unidade.map" -Wl,--gc-sections -static --specs=nano.specs -mfpu=fpv4-sp-d16 -mfloat-abi=hard -mthumb -Wl,--start-group -lc -lm -lstdc++ -lsupc++ -Wl,--end-group
Finished building target: segunda_unidade.elf
 
arm-none-eabi-size  segunda_unidade.elf 
arm-none-eabi-objdump -h -S segunda_unidade.elf  > "segunda_unidade.list"
   text	   data	    bss	    dec	    hex	filename
   2324	      4	   1572	   3900	    f3c	segunda_unidade.elf
Finished building: default.size.stdout
 
Finished building: segunda_unidade.list
 
14:13:50 **** Incremental Build of configuration Debug for project segunda_unidade ****
make -j8 all 
arm-none-eabi-gcc "../Core/Src/aula_teorica1_interrupções.c" -mcpu=cortex-m4 -std=gnu11 -g3 -DDEBUG -DUSE_HAL_DRIVER -DSTM32F407xx -c -I../Core/Inc -I../Drivers/STM32F4xx_HAL_Driver/Inc -I../Drivers/STM32F4xx_HAL_Driver/Inc/Legacy -I../Drivers/CMSIS/Device/ST/STM32F4xx/Include -I../Drivers/CMSIS/Include -O0 -ffunction-sections -fdata-sections -Wall -fstack-usage -fcyclomatic-complexity -MMD -MP -MF"Core/Src/aula_teorica1_interrupções.d" -MT"Core/Src/aula_teorica1_interrupções.o" --specs=nano.specs -mfpu=fpv4-sp-d16 -mfloat-abi=hard -mthumb -o "Core/Src/aula_teorica1_interrupções.o"
arm-none-eabi-gcc "../Core/Src/main.c" -mcpu=cortex-m4 -std=gnu11 -g3 -DDEBUG -DUSE_HAL_DRIVER -DSTM32F407xx -c -I../Core/Inc -I../Drivers/STM32F4xx_HAL_Driver/Inc -I../Drivers/STM32F4xx_HAL_Driver/Inc/Legacy -I../Drivers/CMSIS/Device/ST/STM32F4xx/Include -I../Drivers/CMSIS/Include -O0 -ffunction-sections -fdata-sections -Wall -fstack-usage -fcyclomatic-complexity -MMD -MP -MF"Core/Src/main.d" -MT"Core/Src/main.o" --specs=nano.specs -mfpu=fpv4-sp-d16 -mfloat-abi=hard -mthumb -o "Core/Src/main.o"
arm-none-eabi-gcc "../Core/Src/stm32f4xx_hal_msp.c" -mcpu=cortex-m4 -std=gnu11 -g3 -DDEBUG -DUSE_HAL_DRIVER -DSTM32F407xx -c -I../Core/Inc -I../Drivers/STM32F4xx_HAL_Driver/Inc -I../Drivers/STM32F4xx_HAL_Driver/Inc/Legacy -I../Drivers/CMSIS/Device/ST/STM32F4xx/Include -I../Drivers/CMSIS/Include -O0 -ffunction-sections -fdata-sections -Wall -fstack-usage -fcyclomatic-complexity -MMD -MP -MF"Core/Src/stm32f4xx_hal_msp.d" -MT"Core/Src/stm32f4xx_hal_msp.o" --specs=nano.specs -mfpu=fpv4-sp-d16 -mfloat-abi=hard -mthumb -o "Core/Src/stm32f4xx_hal_msp.o"
arm-none-eabi-gcc "../Core/Src/stm32f4xx_it.c" -mcpu=cortex-m4 -std=gnu11 -g3 -DDEBUG -DUSE_HAL_DRIVER -DSTM32F407xx -c -I../Core/Inc -I../Drivers/STM32F4xx_HAL_Driver/Inc -I../Drivers/STM32F4xx_HAL_Driver/Inc/Legacy -I../Drivers/CMSIS/Device/ST/STM32F4xx/Include -I../Drivers/CMSIS/Include -O0 -ffunction-sections -fdata-sections -Wall -fstack-usage -fcyclomatic-complexity -MMD -MP -MF"Core/Src/stm32f4xx_it.d" -MT"Core/Src/stm32f4xx_it.o" --specs=nano.specs -mfpu=fpv4-sp-d16 -mfloat-abi=hard -mthumb -o "Core/Src/stm32f4xx_it.o"
arm-none-eabi-gcc "../Core/Src/syscalls.c" -mcpu=cortex-m4 -std=gnu11 -g3 -DDEBUG -DUSE_HAL_DRIVER -DSTM32F407xx -c -I../Core/Inc -I../Drivers/STM32F4xx_HAL_Driver/Inc -I../Drivers/STM32F4xx_HAL_Driver/Inc/Legacy -I../Drivers/CMSIS/Device/ST/STM32F4xx/Include -I../Drivers/CMSIS/Include -O0 -ffunction-sections -fdata-sections -Wall -fstack-usage -fcyclomatic-complexity -MMD -MP -MF"Core/Src/syscalls.d" -MT"Core/Src/syscalls.o" --specs=nano.specs -mfpu=fpv4-sp-d16 -mfloat-abi=hard -mthumb -o "Core/Src/syscalls.o"
arm-none-eabi-gcc "../Core/Src/sysmem.c" -mcpu=cortex-m4 -std=gnu11 -g3 -DDEBUG -DUSE_HAL_DRIVER -DSTM32F407xx -c -I../Core/Inc -I../Drivers/STM32F4xx_HAL_Driver/Inc -I../Drivers/STM32F4xx_HAL_Driver/Inc/Legacy -I../Drivers/CMSIS/Device/ST/STM32F4xx/Include -I../Drivers/CMSIS/Include -O0 -ffunction-sections -fdata-sections -Wall -fstack-usage -fcyclomatic-complexity -MMD -MP -MF"Core/Src/sysmem.d" -MT"Core/Src/sysmem.o" --specs=nano.specs -mfpu=fpv4-sp-d16 -mfloat-abi=hard -mthumb -o "Core/Src/sysmem.o"
arm-none-eabi-gcc "../Core/Src/system_stm32f4xx.c" -mcpu=cortex-m4 -std=gnu11 -g3 -DDEBUG -DUSE_HAL_DRIVER -DSTM32F407xx -c -I../Core/Inc -I../Drivers/STM32F4xx_HAL_Driver/Inc -I../Drivers/STM32F4xx_HAL_Driver/Inc/Legacy -I../Drivers/CMSIS/Device/ST/STM32F4xx/Include -I../Drivers/CMSIS/Include -O0 -ffunction-sections -fdata-sections -Wall -fstack-usage -fcyclomatic-complexity -MMD -MP -MF"Core/Src/system_stm32f4xx.d" -MT"Core/Src/system_stm32f4xx.o" --specs=nano.specs -mfpu=fpv4-sp-d16 -mfloat-abi=hard -mthumb -o "Core/Src/system_stm32f4xx.o"
In file included from ../Core/Src/main.c:2:
../Core/Src/main.c: In function 'setup':
../Core/Src/main.c:20:35: error: 'RISING_EDGES' undeclared (first use in this function); did you mean 'RISING_EDGE'?
   20 |         EXTI_Config(EXTI0, GPIOA, RISING_EDGES);
      |                                   ^~~~~~~~~~~~
../Core/Inc/Utility.h:207:77: note: in definition of macro 'EXTI_Config'
  207 | #define EXTI_Config(...) GET_MACRO(__VA_ARGS__, EXTI_Config4, EXTI_Config3)(__VA_ARGS__)
      |                                                                             ^~~~~~~~~~~
../Core/Src/main.c:20:35: note: each undeclared identifier is reported only once for each function it appears in
   20 |         EXTI_Config(EXTI0, GPIOA, RISING_EDGES);
      |                                   ^~~~~~~~~~~~
../Core/Inc/Utility.h:207:77: note: in definition of macro 'EXTI_Config'
  207 | #define EXTI_Config(...) GET_MACRO(__VA_ARGS__, EXTI_Config4, EXTI_Config3)(__VA_ARGS__)
      |                                                                             ^~~~~~~~~~~
make: *** [Core/Src/subdir.mk:37: Core/Src/main.o] Error 1
make: *** Waiting for unfinished jobs....
"make -j8 all" terminated with exit code 2. Build might be incomplete.
14:14:32 **** Incremental Build of configuration Debug for project segunda_unidade ****
make -j8 all 
arm-none-eabi-gcc "../Core/Src/main.c" -mcpu=cortex-m4 -std=gnu11 -g3 -DDEBUG -DUSE_HAL_DRIVER -DSTM32F407xx -c -I../Core/Inc -I../Drivers/STM32F4xx_HAL_Driver/Inc -I../Drivers/STM32F4xx_HAL_Driver/Inc/Legacy -I../Drivers/CMSIS/Device/ST/STM32F4xx/Include -I../Drivers/CMSIS/Include -O0 -ffunction-sections -fdata-sections -Wall -fstack-usage -fcyclomatic-complexity -MMD -MP -MF"Core/Src/main.d" -MT"Core/Src/main.o" --specs=nano.specs -mfpu=fpv4-sp-d16 -mfloat-abi=hard -mthumb -o "Core/Src/main.o"
arm-none-eabi-g++ -o "segunda_unidade.elf" @"objects.list"   -mcpu=cortex-m4 -T"D:\Josue\Engenharia de Computacao\microprocessadores-microcontroladores\segunda_unidade\STM32F407VETX_FLASH.ld" --specs=nosys.specs -Wl,-Map="segunda_unidade.map" -Wl,--gc-sections -static --specs=nano.specs -mfpu=fpv4-sp-d16 -mfloat-abi=hard -mthumb -Wl,--start-group -lc -lm -lstdc++ -lsupc++ -Wl,--end-group
D:/Arquivos de Programas/STM32CubeIDE_1.18.0/STM32CubeIDE/plugins/com.st.stm32cube.ide.mcu.externaltools.gnu-tools-for-stm32.13.3.rel1.win32_1.0.0.202411081344/tools/bin/../lib/gcc/arm-none-eabi/13.3.1/../../../../arm-none-eabi/bin/ld.exe: ./Core/Src/main.o: in function `Utility_Init':
D:/Josue/Engenharia de Computacao/microprocessadores-microcontroladores/segunda_unidade/Debug/../Core/Inc/Utility.h:242: multiple definition of `Utility_Init'; ./Core/Src/aula_teorica1_interrupções.o:D:/Josue/Engenharia de Computacao/microprocessadores-microcontroladores/segunda_unidade/Debug/../Core/Inc/Utility.h:242: first defined here
D:/Arquivos de Programas/STM32CubeIDE_1.18.0/STM32CubeIDE/plugins/com.st.stm32cube.ide.mcu.externaltools.gnu-tools-for-stm32.13.3.rel1.win32_1.0.0.202411081344/tools/bin/../lib/gcc/arm-none-eabi/13.3.1/../../../../arm-none-eabi/bin/ld.exe: ./Core/Src/main.o: in function `Configure_Clock':
D:/Josue/Engenharia de Computacao/microprocessadores-microcontroladores/segunda_unidade/Debug/../Core/Inc/Utility.h:253: multiple definition of `Configure_Clock'; ./Core/Src/aula_teorica1_interrupções.o:D:/Josue/Engenharia de Computacao/microprocessadores-microcontroladores/segunda_unidade/Debug/../Core/Inc/Utility.h:253: first defined here
D:/Arquivos de Programas/STM32CubeIDE_1.18.0/STM32CubeIDE/plugins/com.st.stm32cube.ide.mcu.externaltools.gnu-tools-for-stm32.13.3.rel1.win32_1.0.0.202411081344/tools/bin/../lib/gcc/arm-none-eabi/13.3.1/../../../../arm-none-eabi/bin/ld.exe: ./Core/Src/main.o: in function `TIM2_Setup':
D:/Josue/Engenharia de Computacao/microprocessadores-microcontroladores/segunda_unidade/Debug/../Core/Inc/Utility.h:296: multiple definition of `TIM2_Setup'; ./Core/Src/aula_teorica1_interrupções.o:D:/Josue/Engenharia de Computacao/microprocessadores-microcontroladores/segunda_unidade/Debug/../Core/Inc/Utility.h:296: first defined here
D:/Arquivos de Programas/STM32CubeIDE_1.18.0/STM32CubeIDE/plugins/com.st.stm32cube.ide.mcu.externaltools.gnu-tools-for-stm32.13.3.rel1.win32_1.0.0.202411081344/tools/bin/../lib/gcc/arm-none-eabi/13.3.1/../../../../arm-none-eabi/bin/ld.exe: ./Core/Src/main.o: in function `Delay_us':
D:/Josue/Engenharia de Computacao/microprocessadores-microcontroladores/segunda_unidade/Debug/../Core/Inc/Utility.h:306: multiple definition of `Delay_us'; ./Core/Src/aula_teorica1_interrupções.o:D:/Josue/Engenharia de Computacao/microprocessadores-microcontroladores/segunda_unidade/Debug/../Core/Inc/Utility.h:306: first defined here
D:/Arquivos de Programas/STM32CubeIDE_1.18.0/STM32CubeIDE/plugins/com.st.stm32cube.ide.mcu.externaltools.gnu-tools-for-stm32.13.3.rel1.win32_1.0.0.202411081344/tools/bin/../lib/gcc/arm-none-eabi/13.3.1/../../../../arm-none-eabi/bin/ld.exe: ./Core/Src/main.o: in function `Delay_ms':
D:/Josue/Engenharia de Computacao/microprocessadores-microcontroladores/segunda_unidade/Debug/../Core/Inc/Utility.h:313: multiple definition of `Delay_ms'; ./Core/Src/aula_teorica1_interrupções.o:D:/Josue/Engenharia de Computacao/microprocessadores-microcontroladores/segunda_unidade/Debug/../Core/Inc/Utility.h:313: first defined here
D:/Arquivos de Programas/STM32CubeIDE_1.18.0/STM32CubeIDE/plugins/com.st.stm32cube.ide.mcu.externaltools.gnu-tools-for-stm32.13.3.rel1.win32_1.0.0.202411081344/tools/bin/../lib/gcc/arm-none-eabi/13.3.1/../../../../arm-none-eabi/bin/ld.exe: ./Core/Src/main.o: in function `GPIO_Clock_Enable':
D:/Josue/Engenharia de Computacao/microprocessadores-microcontroladores/segunda_unidade/Debug/../Core/Inc/Utility.h:324: multiple definition of `GPIO_Clock_Enable'; ./Core/Src/aula_teorica1_interrupções.o:D:/Josue/Engenharia de Computacao/microprocessadores-microcontroladores/segunda_unidade/Debug/../Core/Inc/Utility.h:324: first defined here
D:/Arquivos de Programas/STM32CubeIDE_1.18.0/STM32CubeIDE/plugins/com.st.stm32cube.ide.mcu.externaltools.gnu-tools-for-stm32.13.3.rel1.win32_1.0.0.202411081344/tools/bin/../lib/gcc/arm-none-eabi/13.3.1/../../../../arm-none-eabi/bin/ld.exe: ./Core/Src/main.o: in function `GPIO_Pin_Mode':
D:/Josue/Engenharia de Computacao/microprocessadores-microcontroladores/segunda_unidade/Debug/../Core/Inc/Utility.h:330: multiple definition of `GPIO_Pin_Mode'; ./Core/Src/aula_teorica1_interrupções.o:D:/Josue/Engenharia de Computacao/microprocessadores-microcontroladores/segunda_unidade/Debug/../Core/Inc/Utility.h:330: first defined here
D:/Arquivos de Programas/STM32CubeIDE_1.18.0/STM32CubeIDE/plugins/com.st.stm32cube.ide.mcu.externaltools.gnu-tools-for-stm32.13.3.rel1.win32_1.0.0.202411081344/tools/bin/../lib/gcc/arm-none-eabi/13.3.1/../../../../arm-none-eabi/bin/ld.exe: ./Core/Src/main.o: in function `GPIO_Output_Type':
D:/Josue/Engenharia de Computacao/microprocessadores-microcontroladores/segunda_unidade/Debug/../Core/Inc/Utility.h:337: multiple definition of `GPIO_Output_Type'; ./Core/Src/aula_teorica1_interrupções.o:D:/Josue/Engenharia de Computacao/microprocessadores-microcontroladores/segunda_unidade/Debug/../Core/Inc/Utility.h:337: first defined here
D:/Arquivos de Programas/STM32CubeIDE_1.18.0/STM32CubeIDE/plugins/com.st.stm32cube.ide.mcu.externaltools.gnu-tools-for-stm32.13.3.rel1.win32_1.0.0.202411081344/tools/bin/../lib/gcc/arm-none-eabi/13.3.1/../../../../arm-none-eabi/bin/ld.exe: ./Core/Src/main.o: in function `GPIO_Alternate_Function':
D:/Josue/Engenharia de Computacao/microprocessadores-microcontroladores/segunda_unidade/Debug/../Core/Inc/Utility.h:344: multiple definition of `GPIO_Alternate_Function'; ./Core/Src/aula_teorica1_interrupções.o:D:/Josue/Engenharia de Computacao/microprocessadores-microcontroladores/segunda_unidade/Debug/../Core/Inc/Utility.h:344: first defined here
D:/Arquivos de Programas/STM32CubeIDE_1.18.0/STM32CubeIDE/plugins/com.st.stm32cube.ide.mcu.externaltools.gnu-tools-for-stm32.13.3.rel1.win32_1.0.0.202411081344/tools/bin/../lib/gcc/arm-none-eabi/13.3.1/../../../../arm-none-eabi/bin/ld.exe: ./Core/Src/main.o: in function `GPIO_Resistor_Enable':
D:/Josue/Engenharia de Computacao/microprocessadores-microcontroladores/segunda_unidade/Debug/../Core/Inc/Utility.h:374: multiple definition of `GPIO_Resistor_Enable'; ./Core/Src/aula_teorica1_interrupções.o:D:/Josue/Engenharia de Computacao/microprocessadores-microcontroladores/segunda_unidade/Debug/../Core/Inc/Utility.h:374: first defined here
D:/Arquivos de Programas/STM32CubeIDE_1.18.0/STM32CubeIDE/plugins/com.st.stm32cube.ide.mcu.externaltools.gnu-tools-for-stm32.13.3.rel1.win32_1.0.0.202411081344/tools/bin/../lib/gcc/arm-none-eabi/13.3.1/../../../../arm-none-eabi/bin/ld.exe: ./Core/Src/main.o: in function `EXTI_Config_Helper':
D:/Josue/Engenharia de Computacao/microprocessadores-microcontroladores/segunda_unidade/Debug/../Core/Inc/Utility.h:397: multiple definition of `EXTI_Config_Helper'; ./Core/Src/aula_teorica1_interrupções.o:D:/Josue/Engenharia de Computacao/microprocessadores-microcontroladores/segunda_unidade/Debug/../Core/Inc/Utility.h:397: first defined here
D:/Arquivos de Programas/STM32CubeIDE_1.18.0/STM32CubeIDE/plugins/com.st.stm32cube.ide.mcu.externaltools.gnu-tools-for-stm32.13.3.rel1.win32_1.0.0.202411081344/tools/bin/../lib/gcc/arm-none-eabi/13.3.1/../../../../arm-none-eabi/bin/ld.exe: ./Core/Src/main.o: in function `EXTI_Config3':
D:/Josue/Engenharia de Computacao/microprocessadores-microcontroladores/segunda_unidade/Debug/../Core/Inc/Utility.h:415: multiple definition of `EXTI_Config3'; ./Core/Src/aula_teorica1_interrupções.o:D:/Josue/Engenharia de Computacao/microprocessadores-microcontroladores/segunda_unidade/Debug/../Core/Inc/Utility.h:415: first defined here
D:/Arquivos de Programas/STM32CubeIDE_1.18.0/STM32CubeIDE/plugins/com.st.stm32cube.ide.mcu.externaltools.gnu-tools-for-stm32.13.3.rel1.win32_1.0.0.202411081344/tools/bin/../lib/gcc/arm-none-eabi/13.3.1/../../../../arm-none-eabi/bin/ld.exe: ./Core/Src/main.o: in function `EXTI_Config4':
D:/Josue/Engenharia de Computacao/microprocessadores-microcontroladores/segunda_unidade/Debug/../Core/Inc/Utility.h:421: multiple definition of `EXTI_Config4'; ./Core/Src/aula_teorica1_interrupções.o:D:/Josue/Engenharia de Computacao/microprocessadores-microcontroladores/segunda_unidade/Debug/../Core/Inc/Utility.h:421: first defined here
D:/Arquivos de Programas/STM32CubeIDE_1.18.0/STM32CubeIDE/plugins/com.st.stm32cube.ide.mcu.externaltools.gnu-tools-for-stm32.13.3.rel1.win32_1.0.0.202411081344/tools/bin/../lib/gcc/arm-none-eabi/13.3.1/../../../../arm-none-eabi/bin/ld.exe: ./Core/Src/main.o: in function `DAC_Init1':
D:/Josue/Engenharia de Computacao/microprocessadores-microcontroladores/segunda_unidade/Debug/../Core/Inc/Utility.h:439: multiple definition of `DAC_Init1'; ./Core/Src/aula_teorica1_interrupções.o:D:/Josue/Engenharia de Computacao/microprocessadores-microcontroladores/segunda_unidade/Debug/../Core/Inc/Utility.h:439: first defined here
D:/Arquivos de Programas/STM32CubeIDE_1.18.0/STM32CubeIDE/plugins/com.st.stm32cube.ide.mcu.externaltools.gnu-tools-for-stm32.13.3.rel1.win32_1.0.0.202411081344/tools/bin/../lib/gcc/arm-none-eabi/13.3.1/../../../../arm-none-eabi/bin/ld.exe: ./Core/Src/main.o: in function `DAC_Init3':
D:/Josue/Engenharia de Computacao/microprocessadores-microcontroladores/segunda_unidade/Debug/../Core/Inc/Utility.h:455: multiple definition of `DAC_Init3'; ./Core/Src/aula_teorica1_interrupções.o:D:/Josue/Engenharia de Computacao/microprocessadores-microcontroladores/segunda_unidade/Debug/../Core/Inc/Utility.h:455: first defined here
D:/Arquivos de Programas/STM32CubeIDE_1.18.0/STM32CubeIDE/plugins/com.st.stm32cube.ide.mcu.externaltools.gnu-tools-for-stm32.13.3.rel1.win32_1.0.0.202411081344/tools/bin/../lib/gcc/arm-none-eabi/13.3.1/../../../../arm-none-eabi/bin/ld.exe: ./Core/Src/main.o: in function `DAC_SetValue':
D:/Josue/Engenharia de Computacao/microprocessadores-microcontroladores/segunda_unidade/Debug/../Core/Inc/Utility.h:473: multiple definition of `DAC_SetValue'; ./Core/Src/aula_teorica1_interrupções.o:D:/Josue/Engenharia de Computacao/microprocessadores-microcontroladores/segunda_unidade/Debug/../Core/Inc/Utility.h:473: first defined here
D:/Arquivos de Programas/STM32CubeIDE_1.18.0/STM32CubeIDE/plugins/com.st.stm32cube.ide.mcu.externaltools.gnu-tools-for-stm32.13.3.rel1.win32_1.0.0.202411081344/tools/bin/../lib/gcc/arm-none-eabi/13.3.1/../../../../arm-none-eabi/bin/ld.exe: ./Core/Src/main.o: in function `DAC_SWTrigger':
D:/Josue/Engenharia de Computacao/microprocessadores-microcontroladores/segunda_unidade/Debug/../Core/Inc/Utility.h:497: multiple definition of `DAC_SWTrigger'; ./Core/Src/aula_teorica1_interrupções.o:D:/Josue/Engenharia de Computacao/microprocessadores-microcontroladores/segunda_unidade/Debug/../Core/Inc/Utility.h:497: first defined here
D:/Arquivos de Programas/STM32CubeIDE_1.18.0/STM32CubeIDE/plugins/com.st.stm32cube.ide.mcu.externaltools.gnu-tools-for-stm32.13.3.rel1.win32_1.0.0.202411081344/tools/bin/../lib/gcc/arm-none-eabi/13.3.1/../../../../arm-none-eabi/bin/ld.exe: ./Core/Src/main.o: in function `ADC_Init':
D:/Josue/Engenharia de Computacao/microprocessadores-microcontroladores/segunda_unidade/Debug/../Core/Inc/Utility.h:510: multiple definition of `ADC_Init'; ./Core/Src/aula_teorica1_interrupções.o:D:/Josue/Engenharia de Computacao/microprocessadores-microcontroladores/segunda_unidade/Debug/../Core/Inc/Utility.h:510: first defined here
D:/Arquivos de Programas/STM32CubeIDE_1.18.0/STM32CubeIDE/plugins/com.st.stm32cube.ide.mcu.externaltools.gnu-tools-for-stm32.13.3.rel1.win32_1.0.0.202411081344/tools/bin/../lib/gcc/arm-none-eabi/13.3.1/../../../../arm-none-eabi/bin/ld.exe: ./Core/Src/main.o: in function `ADC_SingleChannel':
D:/Josue/Engenharia de Computacao/microprocessadores-microcontroladores/segunda_unidade/Debug/../Core/Inc/Utility.h:547: multiple definition of `ADC_SingleChannel'; ./Core/Src/aula_teorica1_interrupções.o:D:/Josue/Engenharia de Computacao/microprocessadores-microcontroladores/segunda_unidade/Debug/../Core/Inc/Utility.h:547: first defined here
D:/Arquivos de Programas/STM32CubeIDE_1.18.0/STM32CubeIDE/plugins/com.st.stm32cube.ide.mcu.externaltools.gnu-tools-for-stm32.13.3.rel1.win32_1.0.0.202411081344/tools/bin/../lib/gcc/arm-none-eabi/13.3.1/../../../../arm-none-eabi/bin/ld.exe: ./Core/Src/main.o: in function `ADC_GetSingleConversion':
D:/Josue/Engenharia de Computacao/microprocessadores-microcontroladores/segunda_unidade/Debug/../Core/Inc/Utility.h:577: multiple definition of `ADC_GetSingleConversion'; ./Core/Src/aula_teorica1_interrupções.o:D:/Josue/Engenharia de Computacao/microprocessadores-microcontroladores/segunda_unidade/Debug/../Core/Inc/Utility.h:577: first defined here
D:/Arquivos de Programas/STM32CubeIDE_1.18.0/STM32CubeIDE/plugins/com.st.stm32cube.ide.mcu.externaltools.gnu-tools-for-stm32.13.3.rel1.win32_1.0.0.202411081344/tools/bin/../lib/gcc/arm-none-eabi/13.3.1/../../../../arm-none-eabi/bin/ld.exe: ./Core/Src/main.o: in function `ADC_MultiChannel':
D:/Josue/Engenharia de Computacao/microprocessadores-microcontroladores/segunda_unidade/Debug/../Core/Inc/Utility.h:590: multiple definition of `ADC_MultiChannel'; ./Core/Src/aula_teorica1_interrupções.o:D:/Josue/Engenharia de Computacao/microprocessadores-microcontroladores/segunda_unidade/Debug/../Core/Inc/Utility.h:590: first defined here
D:/Arquivos de Programas/STM32CubeIDE_1.18.0/STM32CubeIDE/plugins/com.st.stm32cube.ide.mcu.externaltools.gnu-tools-for-stm32.13.3.rel1.win32_1.0.0.202411081344/tools/bin/../lib/gcc/arm-none-eabi/13.3.1/../../../../arm-none-eabi/bin/ld.exe: ./Core/Src/main.o: in function `ADC_GetMultiConversions':
D:/Josue/Engenharia de Computacao/microprocessadores-microcontroladores/segunda_unidade/Debug/../Core/Inc/Utility.h:645: multiple definition of `ADC_GetMultiConversions'; ./Core/Src/aula_teorica1_interrupções.o:D:/Josue/Engenharia de Computacao/microprocessadores-microcontroladores/segunda_unidade/Debug/../Core/Inc/Utility.h:645: first defined here
D:/Arquivos de Programas/STM32CubeIDE_1.18.0/STM32CubeIDE/plugins/com.st.stm32cube.ide.mcu.externaltools.gnu-tools-for-stm32.13.3.rel1.win32_1.0.0.202411081344/tools/bin/../lib/gcc/arm-none-eabi/13.3.1/../../../../arm-none-eabi/bin/ld.exe: ./Core/Src/main.o: in function `USART1_Init':
D:/Josue/Engenharia de Computacao/microprocessadores-microcontroladores/segunda_unidade/Debug/../Core/Inc/Utility.h:665: multiple definition of `USART1_Init'; ./Core/Src/aula_teorica1_interrupções.o:D:/Josue/Engenharia de Computacao/microprocessadores-microcontroladores/segunda_unidade/Debug/../Core/Inc/Utility.h:665: first defined here
D:/Arquivos de Programas/STM32CubeIDE_1.18.0/STM32CubeIDE/plugins/com.st.stm32cube.ide.mcu.externaltools.gnu-tools-for-stm32.13.3.rel1.win32_1.0.0.202411081344/tools/bin/../lib/gcc/arm-none-eabi/13.3.1/../../../../arm-none-eabi/bin/ld.exe: ./Core/Src/main.o: in function `__io_putchar':
D:/Josue/Engenharia de Computacao/microprocessadores-microcontroladores/segunda_unidade/Debug/../Core/Inc/Utility.h:687: multiple definition of `__io_putchar'; ./Core/Src/aula_teorica1_interrupções.o:D:/Josue/Engenharia de Computacao/microprocessadores-microcontroladores/segunda_unidade/Debug/../Core/Inc/Utility.h:687: first defined here
D:/Arquivos de Programas/STM32CubeIDE_1.18.0/STM32CubeIDE/plugins/com.st.stm32cube.ide.mcu.externaltools.gnu-tools-for-stm32.13.3.rel1.win32_1.0.0.202411081344/tools/bin/../lib/gcc/arm-none-eabi/13.3.1/../../../../arm-none-eabi/bin/ld.exe: ./Core/Src/main.o: in function `__io_getchar':
D:/Josue/Engenharia de Computacao/microprocessadores-microcontroladores/segunda_unidade/Debug/../Core/Inc/Utility.h:695: multiple definition of `__io_getchar'; ./Core/Src/aula_teorica1_interrupções.o:D:/Josue/Engenharia de Computacao/microprocessadores-microcontroladores/segunda_unidade/Debug/../Core/Inc/Utility.h:695: first defined here
D:/Arquivos de Programas/STM32CubeIDE_1.18.0/STM32CubeIDE/plugins/com.st.stm32cube.ide.mcu.externaltools.gnu-tools-for-stm32.13.3.rel1.win32_1.0.0.202411081344/tools/bin/../lib/gcc/arm-none-eabi/13.3.1/../../../../arm-none-eabi/bin/ld.exe: ./Core/Src/main.o: in function `USART1_IRQHandler':
D:/Josue/Engenharia de Computacao/microprocessadores-microcontroladores/segunda_unidade/Debug/../Core/Inc/Utility.h:701: multiple definition of `USART1_IRQHandler'; ./Core/Src/aula_teorica1_interrupções.o:D:/Josue/Engenharia de Computacao/microprocessadores-microcontroladores/segunda_unidade/Debug/../Core/Inc/Utility.h:701: first defined here
D:/Arquivos de Programas/STM32CubeIDE_1.18.0/STM32CubeIDE/plugins/com.st.stm32cube.ide.mcu.externaltools.gnu-tools-for-stm32.13.3.rel1.win32_1.0.0.202411081344/tools/bin/../lib/gcc/arm-none-eabi/13.3.1/../../../../arm-none-eabi/bin/ld.exe: ./Core/Src/main.o: in function `Random_Number':
D:/Josue/Engenharia de Computacao/microprocessadores-microcontroladores/segunda_unidade/Debug/../Core/Inc/Utility.h:710: multiple definition of `Random_Number'; ./Core/Src/aula_teorica1_interrupções.o:D:/Josue/Engenharia de Computacao/microprocessadores-microcontroladores/segunda_unidade/Debug/../Core/Inc/Utility.h:710: first defined here
D:/Arquivos de Programas/STM32CubeIDE_1.18.0/STM32CubeIDE/plugins/com.st.stm32cube.ide.mcu.externaltools.gnu-tools-for-stm32.13.3.rel1.win32_1.0.0.202411081344/tools/bin/../lib/gcc/arm-none-eabi/13.3.1/../../../../arm-none-eabi/bin/ld.exe: ./Core/Src/main.o: in function `setup':
D:/Josue/Engenharia de Computacao/microprocessadores-microcontroladores/segunda_unidade/Debug/../Core/Src/main.c:6: multiple definition of `setup'; ./Core/Src/aula_teorica1_interrupções.o:D:/Josue/Engenharia de Computacao/microprocessadores-microcontroladores/segunda_unidade/Debug/../Core/Src/aula_teorica1_interrupções.c:14: first defined here
D:/Arquivos de Programas/STM32CubeIDE_1.18.0/STM32CubeIDE/plugins/com.st.stm32cube.ide.mcu.externaltools.gnu-tools-for-stm32.13.3.rel1.win32_1.0.0.202411081344/tools/bin/../lib/gcc/arm-none-eabi/13.3.1/../../../../arm-none-eabi/bin/ld.exe: ./Core/Src/main.o: in function `main':
D:/Josue/Engenharia de Computacao/microprocessadores-microcontroladores/segunda_unidade/Debug/../Core/Src/main.c:37: multiple definition of `main'; ./Core/Src/aula_teorica1_interrupções.o:D:/Josue/Engenharia de Computacao/microprocessadores-microcontroladores/segunda_unidade/Debug/../Core/Src/aula_teorica1_interrupções.c:87: first defined here
collect2.exe: error: ld returned 1 exit status
make: *** [makefile:88: segunda_unidade.elf] Error 1
"make -j8 all" terminated with exit code 2. Build might be incomplete.
14:15:03 **** Incremental Build of configuration Debug for project segunda_unidade ****
make -j8 all 
arm-none-eabi-gcc "../Core/Src/aula_teorica1_interrupções.c" -mcpu=cortex-m4 -std=gnu11 -g3 -DDEBUG -DUSE_HAL_DRIVER -DSTM32F407xx -c -I../Core/Inc -I../Drivers/STM32F4xx_HAL_Driver/Inc -I../Drivers/STM32F4xx_HAL_Driver/Inc/Legacy -I../Drivers/CMSIS/Device/ST/STM32F4xx/Include -I../Drivers/CMSIS/Include -O0 -ffunction-sections -fdata-sections -Wall -fstack-usage -fcyclomatic-complexity -MMD -MP -MF"Core/Src/aula_teorica1_interrupções.d" -MT"Core/Src/aula_teorica1_interrupções.o" --specs=nano.specs -mfpu=fpv4-sp-d16 -mfloat-abi=hard -mthumb -o "Core/Src/aula_teorica1_interrupções.o"
arm-none-eabi-g++ -o "segunda_unidade.elf" @"objects.list"   -mcpu=cortex-m4 -T"D:\Josue\Engenharia de Computacao\microprocessadores-microcontroladores\segunda_unidade\STM32F407VETX_FLASH.ld" --specs=nosys.specs -Wl,-Map="segunda_unidade.map" -Wl,--gc-sections -static --specs=nano.specs -mfpu=fpv4-sp-d16 -mfloat-abi=hard -mthumb -Wl,--start-group -lc -lm -lstdc++ -lsupc++ -Wl,--end-group
D:/Arquivos de Programas/STM32CubeIDE_1.18.0/STM32CubeIDE/plugins/com.st.stm32cube.ide.mcu.externaltools.gnu-tools-for-stm32.13.3.rel1.win32_1.0.0.202411081344/tools/bin/../lib/gcc/arm-none-eabi/13.3.1/../../../../arm-none-eabi/bin/ld.exe: ./Core/Src/main.o: in function `Utility_Init':
D:/Josue/Engenharia de Computacao/microprocessadores-microcontroladores/segunda_unidade/Debug/../Core/Inc/Utility.h:242: multiple definition of `Utility_Init'; ./Core/Src/aula_teorica1_interrupções.o:D:/Josue/Engenharia de Computacao/microprocessadores-microcontroladores/segunda_unidade/Debug/../Core/Inc/Utility.h:242: first defined here
D:/Arquivos de Programas/STM32CubeIDE_1.18.0/STM32CubeIDE/plugins/com.st.stm32cube.ide.mcu.externaltools.gnu-tools-for-stm32.13.3.rel1.win32_1.0.0.202411081344/tools/bin/../lib/gcc/arm-none-eabi/13.3.1/../../../../arm-none-eabi/bin/ld.exe: ./Core/Src/main.o: in function `Configure_Clock':
D:/Josue/Engenharia de Computacao/microprocessadores-microcontroladores/segunda_unidade/Debug/../Core/Inc/Utility.h:253: multiple definition of `Configure_Clock'; ./Core/Src/aula_teorica1_interrupções.o:D:/Josue/Engenharia de Computacao/microprocessadores-microcontroladores/segunda_unidade/Debug/../Core/Inc/Utility.h:253: first defined here
D:/Arquivos de Programas/STM32CubeIDE_1.18.0/STM32CubeIDE/plugins/com.st.stm32cube.ide.mcu.externaltools.gnu-tools-for-stm32.13.3.rel1.win32_1.0.0.202411081344/tools/bin/../lib/gcc/arm-none-eabi/13.3.1/../../../../arm-none-eabi/bin/ld.exe: ./Core/Src/main.o: in function `TIM2_Setup':
D:/Josue/Engenharia de Computacao/microprocessadores-microcontroladores/segunda_unidade/Debug/../Core/Inc/Utility.h:296: multiple definition of `TIM2_Setup'; ./Core/Src/aula_teorica1_interrupções.o:D:/Josue/Engenharia de Computacao/microprocessadores-microcontroladores/segunda_unidade/Debug/../Core/Inc/Utility.h:296: first defined here
D:/Arquivos de Programas/STM32CubeIDE_1.18.0/STM32CubeIDE/plugins/com.st.stm32cube.ide.mcu.externaltools.gnu-tools-for-stm32.13.3.rel1.win32_1.0.0.202411081344/tools/bin/../lib/gcc/arm-none-eabi/13.3.1/../../../../arm-none-eabi/bin/ld.exe: ./Core/Src/main.o: in function `Delay_us':
D:/Josue/Engenharia de Computacao/microprocessadores-microcontroladores/segunda_unidade/Debug/../Core/Inc/Utility.h:306: multiple definition of `Delay_us'; ./Core/Src/aula_teorica1_interrupções.o:D:/Josue/Engenharia de Computacao/microprocessadores-microcontroladores/segunda_unidade/Debug/../Core/Inc/Utility.h:306: first defined here
D:/Arquivos de Programas/STM32CubeIDE_1.18.0/STM32CubeIDE/plugins/com.st.stm32cube.ide.mcu.externaltools.gnu-tools-for-stm32.13.3.rel1.win32_1.0.0.202411081344/tools/bin/../lib/gcc/arm-none-eabi/13.3.1/../../../../arm-none-eabi/bin/ld.exe: ./Core/Src/main.o: in function `Delay_ms':
D:/Josue/Engenharia de Computacao/microprocessadores-microcontroladores/segunda_unidade/Debug/../Core/Inc/Utility.h:313: multiple definition of `Delay_ms'; ./Core/Src/aula_teorica1_interrupções.o:D:/Josue/Engenharia de Computacao/microprocessadores-microcontroladores/segunda_unidade/Debug/../Core/Inc/Utility.h:313: first defined here
D:/Arquivos de Programas/STM32CubeIDE_1.18.0/STM32CubeIDE/plugins/com.st.stm32cube.ide.mcu.externaltools.gnu-tools-for-stm32.13.3.rel1.win32_1.0.0.202411081344/tools/bin/../lib/gcc/arm-none-eabi/13.3.1/../../../../arm-none-eabi/bin/ld.exe: ./Core/Src/main.o: in function `GPIO_Clock_Enable':
D:/Josue/Engenharia de Computacao/microprocessadores-microcontroladores/segunda_unidade/Debug/../Core/Inc/Utility.h:324: multiple definition of `GPIO_Clock_Enable'; ./Core/Src/aula_teorica1_interrupções.o:D:/Josue/Engenharia de Computacao/microprocessadores-microcontroladores/segunda_unidade/Debug/../Core/Inc/Utility.h:324: first defined here
D:/Arquivos de Programas/STM32CubeIDE_1.18.0/STM32CubeIDE/plugins/com.st.stm32cube.ide.mcu.externaltools.gnu-tools-for-stm32.13.3.rel1.win32_1.0.0.202411081344/tools/bin/../lib/gcc/arm-none-eabi/13.3.1/../../../../arm-none-eabi/bin/ld.exe: ./Core/Src/main.o: in function `GPIO_Pin_Mode':
D:/Josue/Engenharia de Computacao/microprocessadores-microcontroladores/segunda_unidade/Debug/../Core/Inc/Utility.h:330: multiple definition of `GPIO_Pin_Mode'; ./Core/Src/aula_teorica1_interrupções.o:D:/Josue/Engenharia de Computacao/microprocessadores-microcontroladores/segunda_unidade/Debug/../Core/Inc/Utility.h:330: first defined here
D:/Arquivos de Programas/STM32CubeIDE_1.18.0/STM32CubeIDE/plugins/com.st.stm32cube.ide.mcu.externaltools.gnu-tools-for-stm32.13.3.rel1.win32_1.0.0.202411081344/tools/bin/../lib/gcc/arm-none-eabi/13.3.1/../../../../arm-none-eabi/bin/ld.exe: ./Core/Src/main.o: in function `GPIO_Output_Type':
D:/Josue/Engenharia de Computacao/microprocessadores-microcontroladores/segunda_unidade/Debug/../Core/Inc/Utility.h:337: multiple definition of `GPIO_Output_Type'; ./Core/Src/aula_teorica1_interrupções.o:D:/Josue/Engenharia de Computacao/microprocessadores-microcontroladores/segunda_unidade/Debug/../Core/Inc/Utility.h:337: first defined here
D:/Arquivos de Programas/STM32CubeIDE_1.18.0/STM32CubeIDE/plugins/com.st.stm32cube.ide.mcu.externaltools.gnu-tools-for-stm32.13.3.rel1.win32_1.0.0.202411081344/tools/bin/../lib/gcc/arm-none-eabi/13.3.1/../../../../arm-none-eabi/bin/ld.exe: ./Core/Src/main.o: in function `GPIO_Alternate_Function':
D:/Josue/Engenharia de Computacao/microprocessadores-microcontroladores/segunda_unidade/Debug/../Core/Inc/Utility.h:344: multiple definition of `GPIO_Alternate_Function'; ./Core/Src/aula_teorica1_interrupções.o:D:/Josue/Engenharia de Computacao/microprocessadores-microcontroladores/segunda_unidade/Debug/../Core/Inc/Utility.h:344: first defined here
D:/Arquivos de Programas/STM32CubeIDE_1.18.0/STM32CubeIDE/plugins/com.st.stm32cube.ide.mcu.externaltools.gnu-tools-for-stm32.13.3.rel1.win32_1.0.0.202411081344/tools/bin/../lib/gcc/arm-none-eabi/13.3.1/../../../../arm-none-eabi/bin/ld.exe: ./Core/Src/main.o: in function `GPIO_Resistor_Enable':
D:/Josue/Engenharia de Computacao/microprocessadores-microcontroladores/segunda_unidade/Debug/../Core/Inc/Utility.h:374: multiple definition of `GPIO_Resistor_Enable'; ./Core/Src/aula_teorica1_interrupções.o:D:/Josue/Engenharia de Computacao/microprocessadores-microcontroladores/segunda_unidade/Debug/../Core/Inc/Utility.h:374: first defined here
D:/Arquivos de Programas/STM32CubeIDE_1.18.0/STM32CubeIDE/plugins/com.st.stm32cube.ide.mcu.externaltools.gnu-tools-for-stm32.13.3.rel1.win32_1.0.0.202411081344/tools/bin/../lib/gcc/arm-none-eabi/13.3.1/../../../../arm-none-eabi/bin/ld.exe: ./Core/Src/main.o: in function `EXTI_Config_Helper':
D:/Josue/Engenharia de Computacao/microprocessadores-microcontroladores/segunda_unidade/Debug/../Core/Inc/Utility.h:397: multiple definition of `EXTI_Config_Helper'; ./Core/Src/aula_teorica1_interrupções.o:D:/Josue/Engenharia de Computacao/microprocessadores-microcontroladores/segunda_unidade/Debug/../Core/Inc/Utility.h:397: first defined here
D:/Arquivos de Programas/STM32CubeIDE_1.18.0/STM32CubeIDE/plugins/com.st.stm32cube.ide.mcu.externaltools.gnu-tools-for-stm32.13.3.rel1.win32_1.0.0.202411081344/tools/bin/../lib/gcc/arm-none-eabi/13.3.1/../../../../arm-none-eabi/bin/ld.exe: ./Core/Src/main.o: in function `EXTI_Config3':
D:/Josue/Engenharia de Computacao/microprocessadores-microcontroladores/segunda_unidade/Debug/../Core/Inc/Utility.h:415: multiple definition of `EXTI_Config3'; ./Core/Src/aula_teorica1_interrupções.o:D:/Josue/Engenharia de Computacao/microprocessadores-microcontroladores/segunda_unidade/Debug/../Core/Inc/Utility.h:415: first defined here
D:/Arquivos de Programas/STM32CubeIDE_1.18.0/STM32CubeIDE/plugins/com.st.stm32cube.ide.mcu.externaltools.gnu-tools-for-stm32.13.3.rel1.win32_1.0.0.202411081344/tools/bin/../lib/gcc/arm-none-eabi/13.3.1/../../../../arm-none-eabi/bin/ld.exe: ./Core/Src/main.o: in function `EXTI_Config4':
D:/Josue/Engenharia de Computacao/microprocessadores-microcontroladores/segunda_unidade/Debug/../Core/Inc/Utility.h:421: multiple definition of `EXTI_Config4'; ./Core/Src/aula_teorica1_interrupções.o:D:/Josue/Engenharia de Computacao/microprocessadores-microcontroladores/segunda_unidade/Debug/../Core/Inc/Utility.h:421: first defined here
D:/Arquivos de Programas/STM32CubeIDE_1.18.0/STM32CubeIDE/plugins/com.st.stm32cube.ide.mcu.externaltools.gnu-tools-for-stm32.13.3.rel1.win32_1.0.0.202411081344/tools/bin/../lib/gcc/arm-none-eabi/13.3.1/../../../../arm-none-eabi/bin/ld.exe: ./Core/Src/main.o: in function `DAC_Init1':
D:/Josue/Engenharia de Computacao/microprocessadores-microcontroladores/segunda_unidade/Debug/../Core/Inc/Utility.h:439: multiple definition of `DAC_Init1'; ./Core/Src/aula_teorica1_interrupções.o:D:/Josue/Engenharia de Computacao/microprocessadores-microcontroladores/segunda_unidade/Debug/../Core/Inc/Utility.h:439: first defined here
D:/Arquivos de Programas/STM32CubeIDE_1.18.0/STM32CubeIDE/plugins/com.st.stm32cube.ide.mcu.externaltools.gnu-tools-for-stm32.13.3.rel1.win32_1.0.0.202411081344/tools/bin/../lib/gcc/arm-none-eabi/13.3.1/../../../../arm-none-eabi/bin/ld.exe: ./Core/Src/main.o: in function `DAC_Init3':
D:/Josue/Engenharia de Computacao/microprocessadores-microcontroladores/segunda_unidade/Debug/../Core/Inc/Utility.h:455: multiple definition of `DAC_Init3'; ./Core/Src/aula_teorica1_interrupções.o:D:/Josue/Engenharia de Computacao/microprocessadores-microcontroladores/segunda_unidade/Debug/../Core/Inc/Utility.h:455: first defined here
D:/Arquivos de Programas/STM32CubeIDE_1.18.0/STM32CubeIDE/plugins/com.st.stm32cube.ide.mcu.externaltools.gnu-tools-for-stm32.13.3.rel1.win32_1.0.0.202411081344/tools/bin/../lib/gcc/arm-none-eabi/13.3.1/../../../../arm-none-eabi/bin/ld.exe: ./Core/Src/main.o: in function `DAC_SetValue':
D:/Josue/Engenharia de Computacao/microprocessadores-microcontroladores/segunda_unidade/Debug/../Core/Inc/Utility.h:473: multiple definition of `DAC_SetValue'; ./Core/Src/aula_teorica1_interrupções.o:D:/Josue/Engenharia de Computacao/microprocessadores-microcontroladores/segunda_unidade/Debug/../Core/Inc/Utility.h:473: first defined here
D:/Arquivos de Programas/STM32CubeIDE_1.18.0/STM32CubeIDE/plugins/com.st.stm32cube.ide.mcu.externaltools.gnu-tools-for-stm32.13.3.rel1.win32_1.0.0.202411081344/tools/bin/../lib/gcc/arm-none-eabi/13.3.1/../../../../arm-none-eabi/bin/ld.exe: ./Core/Src/main.o: in function `DAC_SWTrigger':
D:/Josue/Engenharia de Computacao/microprocessadores-microcontroladores/segunda_unidade/Debug/../Core/Inc/Utility.h:497: multiple definition of `DAC_SWTrigger'; ./Core/Src/aula_teorica1_interrupções.o:D:/Josue/Engenharia de Computacao/microprocessadores-microcontroladores/segunda_unidade/Debug/../Core/Inc/Utility.h:497: first defined here
D:/Arquivos de Programas/STM32CubeIDE_1.18.0/STM32CubeIDE/plugins/com.st.stm32cube.ide.mcu.externaltools.gnu-tools-for-stm32.13.3.rel1.win32_1.0.0.202411081344/tools/bin/../lib/gcc/arm-none-eabi/13.3.1/../../../../arm-none-eabi/bin/ld.exe: ./Core/Src/main.o: in function `ADC_Init':
D:/Josue/Engenharia de Computacao/microprocessadores-microcontroladores/segunda_unidade/Debug/../Core/Inc/Utility.h:510: multiple definition of `ADC_Init'; ./Core/Src/aula_teorica1_interrupções.o:D:/Josue/Engenharia de Computacao/microprocessadores-microcontroladores/segunda_unidade/Debug/../Core/Inc/Utility.h:510: first defined here
D:/Arquivos de Programas/STM32CubeIDE_1.18.0/STM32CubeIDE/plugins/com.st.stm32cube.ide.mcu.externaltools.gnu-tools-for-stm32.13.3.rel1.win32_1.0.0.202411081344/tools/bin/../lib/gcc/arm-none-eabi/13.3.1/../../../../arm-none-eabi/bin/ld.exe: ./Core/Src/main.o: in function `ADC_SingleChannel':
D:/Josue/Engenharia de Computacao/microprocessadores-microcontroladores/segunda_unidade/Debug/../Core/Inc/Utility.h:547: multiple definition of `ADC_SingleChannel'; ./Core/Src/aula_teorica1_interrupções.o:D:/Josue/Engenharia de Computacao/microprocessadores-microcontroladores/segunda_unidade/Debug/../Core/Inc/Utility.h:547: first defined here
D:/Arquivos de Programas/STM32CubeIDE_1.18.0/STM32CubeIDE/plugins/com.st.stm32cube.ide.mcu.externaltools.gnu-tools-for-stm32.13.3.rel1.win32_1.0.0.202411081344/tools/bin/../lib/gcc/arm-none-eabi/13.3.1/../../../../arm-none-eabi/bin/ld.exe: ./Core/Src/main.o: in function `ADC_GetSingleConversion':
D:/Josue/Engenharia de Computacao/microprocessadores-microcontroladores/segunda_unidade/Debug/../Core/Inc/Utility.h:577: multiple definition of `ADC_GetSingleConversion'; ./Core/Src/aula_teorica1_interrupções.o:D:/Josue/Engenharia de Computacao/microprocessadores-microcontroladores/segunda_unidade/Debug/../Core/Inc/Utility.h:577: first defined here
D:/Arquivos de Programas/STM32CubeIDE_1.18.0/STM32CubeIDE/plugins/com.st.stm32cube.ide.mcu.externaltools.gnu-tools-for-stm32.13.3.rel1.win32_1.0.0.202411081344/tools/bin/../lib/gcc/arm-none-eabi/13.3.1/../../../../arm-none-eabi/bin/ld.exe: ./Core/Src/main.o: in function `ADC_MultiChannel':
D:/Josue/Engenharia de Computacao/microprocessadores-microcontroladores/segunda_unidade/Debug/../Core/Inc/Utility.h:590: multiple definition of `ADC_MultiChannel'; ./Core/Src/aula_teorica1_interrupções.o:D:/Josue/Engenharia de Computacao/microprocessadores-microcontroladores/segunda_unidade/Debug/../Core/Inc/Utility.h:590: first defined here
D:/Arquivos de Programas/STM32CubeIDE_1.18.0/STM32CubeIDE/plugins/com.st.stm32cube.ide.mcu.externaltools.gnu-tools-for-stm32.13.3.rel1.win32_1.0.0.202411081344/tools/bin/../lib/gcc/arm-none-eabi/13.3.1/../../../../arm-none-eabi/bin/ld.exe: ./Core/Src/main.o: in function `ADC_GetMultiConversions':
D:/Josue/Engenharia de Computacao/microprocessadores-microcontroladores/segunda_unidade/Debug/../Core/Inc/Utility.h:645: multiple definition of `ADC_GetMultiConversions'; ./Core/Src/aula_teorica1_interrupções.o:D:/Josue/Engenharia de Computacao/microprocessadores-microcontroladores/segunda_unidade/Debug/../Core/Inc/Utility.h:645: first defined here
D:/Arquivos de Programas/STM32CubeIDE_1.18.0/STM32CubeIDE/plugins/com.st.stm32cube.ide.mcu.externaltools.gnu-tools-for-stm32.13.3.rel1.win32_1.0.0.202411081344/tools/bin/../lib/gcc/arm-none-eabi/13.3.1/../../../../arm-none-eabi/bin/ld.exe: ./Core/Src/main.o: in function `USART1_Init':
D:/Josue/Engenharia de Computacao/microprocessadores-microcontroladores/segunda_unidade/Debug/../Core/Inc/Utility.h:665: multiple definition of `USART1_Init'; ./Core/Src/aula_teorica1_interrupções.o:D:/Josue/Engenharia de Computacao/microprocessadores-microcontroladores/segunda_unidade/Debug/../Core/Inc/Utility.h:665: first defined here
D:/Arquivos de Programas/STM32CubeIDE_1.18.0/STM32CubeIDE/plugins/com.st.stm32cube.ide.mcu.externaltools.gnu-tools-for-stm32.13.3.rel1.win32_1.0.0.202411081344/tools/bin/../lib/gcc/arm-none-eabi/13.3.1/../../../../arm-none-eabi/bin/ld.exe: ./Core/Src/main.o: in function `__io_putchar':
D:/Josue/Engenharia de Computacao/microprocessadores-microcontroladores/segunda_unidade/Debug/../Core/Inc/Utility.h:687: multiple definition of `__io_putchar'; ./Core/Src/aula_teorica1_interrupções.o:D:/Josue/Engenharia de Computacao/microprocessadores-microcontroladores/segunda_unidade/Debug/../Core/Inc/Utility.h:687: first defined here
D:/Arquivos de Programas/STM32CubeIDE_1.18.0/STM32CubeIDE/plugins/com.st.stm32cube.ide.mcu.externaltools.gnu-tools-for-stm32.13.3.rel1.win32_1.0.0.202411081344/tools/bin/../lib/gcc/arm-none-eabi/13.3.1/../../../../arm-none-eabi/bin/ld.exe: ./Core/Src/main.o: in function `__io_getchar':
D:/Josue/Engenharia de Computacao/microprocessadores-microcontroladores/segunda_unidade/Debug/../Core/Inc/Utility.h:695: multiple definition of `__io_getchar'; ./Core/Src/aula_teorica1_interrupções.o:D:/Josue/Engenharia de Computacao/microprocessadores-microcontroladores/segunda_unidade/Debug/../Core/Inc/Utility.h:695: first defined here
D:/Arquivos de Programas/STM32CubeIDE_1.18.0/STM32CubeIDE/plugins/com.st.stm32cube.ide.mcu.externaltools.gnu-tools-for-stm32.13.3.rel1.win32_1.0.0.202411081344/tools/bin/../lib/gcc/arm-none-eabi/13.3.1/../../../../arm-none-eabi/bin/ld.exe: ./Core/Src/main.o: in function `USART1_IRQHandler':
D:/Josue/Engenharia de Computacao/microprocessadores-microcontroladores/segunda_unidade/Debug/../Core/Inc/Utility.h:701: multiple definition of `USART1_IRQHandler'; ./Core/Src/aula_teorica1_interrupções.o:D:/Josue/Engenharia de Computacao/microprocessadores-microcontroladores/segunda_unidade/Debug/../Core/Inc/Utility.h:701: first defined here
D:/Arquivos de Programas/STM32CubeIDE_1.18.0/STM32CubeIDE/plugins/com.st.stm32cube.ide.mcu.externaltools.gnu-tools-for-stm32.13.3.rel1.win32_1.0.0.202411081344/tools/bin/../lib/gcc/arm-none-eabi/13.3.1/../../../../arm-none-eabi/bin/ld.exe: ./Core/Src/main.o: in function `Random_Number':
D:/Josue/Engenharia de Computacao/microprocessadores-microcontroladores/segunda_unidade/Debug/../Core/Inc/Utility.h:710: multiple definition of `Random_Number'; ./Core/Src/aula_teorica1_interrupções.o:D:/Josue/Engenharia de Computacao/microprocessadores-microcontroladores/segunda_unidade/Debug/../Core/Inc/Utility.h:710: first defined here
D:/Arquivos de Programas/STM32CubeIDE_1.18.0/STM32CubeIDE/plugins/com.st.stm32cube.ide.mcu.externaltools.gnu-tools-for-stm32.13.3.rel1.win32_1.0.0.202411081344/tools/bin/../lib/gcc/arm-none-eabi/13.3.1/../../../../arm-none-eabi/bin/ld.exe: ./Core/Src/main.o: in function `setup':
D:/Josue/Engenharia de Computacao/microprocessadores-microcontroladores/segunda_unidade/Debug/../Core/Src/main.c:6: multiple definition of `setup'; ./Core/Src/aula_teorica1_interrupções.o:D:/Josue/Engenharia de Computacao/microprocessadores-microcontroladores/segunda_unidade/Debug/../Core/Src/aula_teorica1_interrupções.c:14: first defined here
collect2.exe: error: ld returned 1 exit status
make: *** [makefile:88: segunda_unidade.elf] Error 1
"make -j8 all" terminated with exit code 2. Build might be incomplete.
14:15:26 **** Incremental Build of configuration Debug for project segunda_unidade ****
make -j8 all 
[...]
D:/Josue/Engenharia de Computacao/microprocessadores-microcontroladores/segunda_unidade/Debug/../Core/Inc/Utility.h:313: multiple definition of `Delay_ms'; ./Core/Src/aula_teorica2_timers.o:D:/Josue/Engenharia de Computacao/microprocessadores-microcontroladores/segunda_unidade/Debug/../Core/Inc/Utility.h:313: first defined here
D:/Arquivos de Programas/STM32CubeIDE_1.18.0/STM32CubeIDE/plugins/com.st.stm32cube.ide.mcu.externaltools.gnu-tools-for-stm32.13.3.rel1.win32_1.0.0.202411081344/tools/bin/../lib/gcc/arm-none-eabi/13.3.1/../../../../arm-none-eabi/bin/ld.exe: ./Core/Src/main.o: in function `GPIO_Clock_Enable':
D:/Josue/Engenharia de Computacao/microprocessadores-microcontroladores/segunda_unidade/Debug/../Core/Inc/Utility.h:324: multiple definition of `GPIO_Clock_Enable'; ./Core/Src/aula_teorica2_timers.o:D:/Josue/Engenharia de Computacao/microprocessadores-microcontroladores/segunda_unidade/Debug/../Core/Inc/Utility.h:324: first defined here
D:/Arquivos de Programas/STM32CubeIDE_1.18.0/STM32CubeIDE/plugins/com.st.stm32cube.ide.mcu.externaltools.gnu-tools-for-stm32.13.3.rel1.win32_1.0.0.202411081344/tools/bin/../lib/gcc/arm-none-eabi/13.3.1/../../../../arm-none-eabi/bin/ld.exe: ./Core/Src/main.o: in function `GPIO_Pin_Mode':
D:/Josue/Engenharia de Computacao/microprocessadores-microcontroladores/segunda_unidade/Debug/../Core/Inc/Utility.h:330: multiple definition of `GPIO_Pin_Mode'; ./Core/Src/aula_teorica2_timers.o:D:/Josue/Engenharia de Computacao/microprocessadores-microcontroladores/segunda_unidade/Debug/../Core/Inc/Utility.h:330: first defined here
D:/Arquivos de Programas/STM32CubeIDE_1.18.0/STM32CubeIDE/plugins/com.st.stm32cube.ide.mcu.externaltools.gnu-tools-for-stm32.13.3.rel1.win32_1.0.0.202411081344/tools/bin/../lib/gcc/arm-none-eabi/13.3.1/../../../../arm-none-eabi/bin/ld.exe: ./Core/Src/main.o: in function `GPIO_Output_Type':
D:/Josue/Engenharia de Computacao/microprocessadores-microcontroladores/segunda_unidade/Debug/../Core/Inc/Utility.h:337: multiple definition of `GPIO_Output_Type'; ./Core/Src/aula_teorica2_timers.o:D:/Josue/Engenharia de Computacao/microprocessadores-microcontroladores/segunda_unidade/Debug/../Core/Inc/Utility.h:337: first defined here
D:/Arquivos de Programas/STM32CubeIDE_1.18.0/STM32CubeIDE/plugins/com.st.stm32cube.ide.mcu.externaltools.gnu-tools-for-stm32.13.3.rel1.win32_1.0.0.202411081344/tools/bin/../lib/gcc/arm-none-eabi/13.3.1/../../../../arm-none-eabi/bin/ld.exe: ./Core/Src/main.o: in function `GPIO_Alternate_Function':
D:/Josue/Engenharia de Computacao/microprocessadores-microcontroladores/segunda_unidade/Debug/../Core/Inc/Utility.h:344: multiple definition of `GPIO_Alternate_Function'; ./Core/Src/aula_teorica2_timers.o:D:/Josue/Engenharia de Computacao/microprocessadores-microcontroladores/segunda_unidade/Debug/../Core/Inc/Utility.h:344: first defined here
D:/Arquivos de Programas/STM32CubeIDE_1.18.0/STM32CubeIDE/plugins/com.st.stm32cube.ide.mcu.externaltools.gnu-tools-for-stm32.13.3.rel1.win32_1.0.0.202411081344/tools/bin/../lib/gcc/arm-none-eabi/13.3.1/../../../../arm-none-eabi/bin/ld.exe: ./Core/Src/main.o: in function `GPIO_Resistor_Enable':
D:/Josue/Engenharia de Computacao/microprocessadores-microcontroladores/segunda_unidade/Debug/../Core/Inc/Utility.h:374: multiple definition of `GPIO_Resistor_Enable'; ./Core/Src/aula_teorica2_timers.o:D:/Josue/Engenharia de Computacao/microprocessadores-microcontroladores/segunda_unidade/Debug/../Core/Inc/Utility.h:374: first defined here
D:/Arquivos de Programas/STM32CubeIDE_1.18.0/STM32CubeIDE/plugins/com.st.stm32cube.ide.mcu.externaltools.gnu-tools-for-stm32.13.3.rel1.win32_1.0.0.202411081344/tools/bin/../lib/gcc/arm-none-eabi/13.3.1/../../../../arm-none-eabi/bin/ld.exe: ./Core/Src/main.o: in function `EXTI_Config_Helper':
D:/Josue/Engenharia de Computacao/microprocessadores-microcontroladores/segunda_unidade/Debug/../Core/Inc/Utility.h:397: multiple definition of `EXTI_Config_Helper'; ./Core/Src/aula_teorica2_timers.o:D:/Josue/Engenharia de Computacao/microprocessadores-microcontroladores/segunda_unidade/Debug/../Core/Inc/Utility.h:397: first defined here
D:/Arquivos de Programas/STM32CubeIDE_1.18.0/STM32CubeIDE/plugins/com.st.stm32cube.ide.mcu.externaltools.gnu-tools-for-stm32.13.3.rel1.win32_1.0.0.202411081344/tools/bin/../lib/gcc/arm-none-eabi/13.3.1/../../../../arm-none-eabi/bin/ld.exe: ./Core/Src/main.o: in function `EXTI_Config3':
D:/Josue/Engenharia de Computacao/microprocessadores-microcontroladores/segunda_unidade/Debug/../Core/Inc/Utility.h:415: multiple definition of `EXTI_Config3'; ./Core/Src/aula_teorica2_timers.o:D:/Josue/Engenharia de Computacao/microprocessadores-microcontroladores/segunda_unidade/Debug/../Core/Inc/Utility.h:415: first defined here
D:/Arquivos de Programas/STM32CubeIDE_1.18.0/STM32CubeIDE/plugins/com.st.stm32cube.ide.mcu.externaltools.gnu-tools-for-stm32.13.3.rel1.win32_1.0.0.202411081344/tools/bin/../lib/gcc/arm-none-eabi/13.3.1/../../../../arm-none-eabi/bin/ld.exe: ./Core/Src/main.o: in function `EXTI_Config4':
D:/Josue/Engenharia de Computacao/microprocessadores-microcontroladores/segunda_unidade/Debug/../Core/Inc/Utility.h:421: multiple definition of `EXTI_Config4'; ./Core/Src/aula_teorica2_timers.o:D:/Josue/Engenharia de Computacao/microprocessadores-microcontroladores/segunda_unidade/Debug/../Core/Inc/Utility.h:421: first defined here
D:/Arquivos de Programas/STM32CubeIDE_1.18.0/STM32CubeIDE/plugins/com.st.stm32cube.ide.mcu.externaltools.gnu-tools-for-stm32.13.3.rel1.win32_1.0.0.202411081344/tools/bin/../lib/gcc/arm-none-eabi/13.3.1/../../../../arm-none-eabi/bin/ld.exe: ./Core/Src/main.o: in function `DAC_Init1':
D:/Josue/Engenharia de Computacao/microprocessadores-microcontroladores/segunda_unidade/Debug/../Core/Inc/Utility.h:439: multiple definition of `DAC_Init1'; ./Core/Src/aula_teorica2_timers.o:D:/Josue/Engenharia de Computacao/microprocessadores-microcontroladores/segunda_unidade/Debug/../Core/Inc/Utility.h:439: first defined here
D:/Arquivos de Programas/STM32CubeIDE_1.18.0/STM32CubeIDE/plugins/com.st.stm32cube.ide.mcu.externaltools.gnu-tools-for-stm32.13.3.rel1.win32_1.0.0.202411081344/tools/bin/../lib/gcc/arm-none-eabi/13.3.1/../../../../arm-none-eabi/bin/ld.exe: ./Core/Src/main.o: in function `DAC_Init3':
D:/Josue/Engenharia de Computacao/microprocessadores-microcontroladores/segunda_unidade/Debug/../Core/Inc/Utility.h:455: multiple definition of `DAC_Init3'; ./Core/Src/aula_teorica2_timers.o:D:/Josue/Engenharia de Computacao/microprocessadores-microcontroladores/segunda_unidade/Debug/../Core/Inc/Utility.h:455: first defined here
D:/Arquivos de Programas/STM32CubeIDE_1.18.0/STM32CubeIDE/plugins/com.st.stm32cube.ide.mcu.externaltools.gnu-tools-for-stm32.13.3.rel1.win32_1.0.0.202411081344/tools/bin/../lib/gcc/arm-none-eabi/13.3.1/../../../../arm-none-eabi/bin/ld.exe: ./Core/Src/main.o: in function `DAC_SetValue':
D:/Josue/Engenharia de Computacao/microprocessadores-microcontroladores/segunda_unidade/Debug/../Core/Inc/Utility.h:473: multiple definition of `DAC_SetValue'; ./Core/Src/aula_teorica2_timers.o:D:/Josue/Engenharia de Computacao/microprocessadores-microcontroladores/segunda_unidade/Debug/../Core/Inc/Utility.h:473: first defined here
D:/Arquivos de Programas/STM32CubeIDE_1.18.0/STM32CubeIDE/plugins/com.st.stm32cube.ide.mcu.externaltools.gnu-tools-for-stm32.13.3.rel1.win32_1.0.0.202411081344/tools/bin/../lib/gcc/arm-none-eabi/13.3.1/../../../../arm-none-eabi/bin/ld.exe: ./Core/Src/main.o: in function `DAC_SWTrigger':
D:/Josue/Engenharia de Computacao/microprocessadores-microcontroladores/segunda_unidade/Debug/../Core/Inc/Utility.h:497: multiple definition of `DAC_SWTrigger'; ./Core/Src/aula_teorica2_timers.o:D:/Josue/Engenharia de Computacao/microprocessadores-microcontroladores/segunda_unidade/Debug/../Core/Inc/Utility.h:497: first defined here
D:/Arquivos de Programas/STM32CubeIDE_1.18.0/STM32CubeIDE/plugins/com.st.stm32cube.ide.mcu.externaltools.gnu-tools-for-stm32.13.3.rel1.win32_1.0.0.202411081344/tools/bin/../lib/gcc/arm-none-eabi/13.3.1/../../../../arm-none-eabi/bin/ld.exe: ./Core/Src/main.o: in function `ADC_Init':
D:/Josue/Engenharia de Computacao/microprocessadores-microcontroladores/segunda_unidade/Debug/../Core/Inc/Utility.h:510: multiple definition of `ADC_Init'; ./Core/Src/aula_teorica2_timers.o:D:/Josue/Engenharia de Computacao/microprocessadores-microcontroladores/segunda_unidade/Debug/../Core/Inc/Utility.h:510: first defined here
D:/Arquivos de Programas/STM32CubeIDE_1.18.0/STM32CubeIDE/plugins/com.st.stm32cube.ide.mcu.externaltools.gnu-tools-for-stm32.13.3.rel1.win32_1.0.0.202411081344/tools/bin/../lib/gcc/arm-none-eabi/13.3.1/../../../../arm-none-eabi/bin/ld.exe: ./Core/Src/main.o: in function `ADC_SingleChannel':
D:/Josue/Engenharia de Computacao/microprocessadores-microcontroladores/segunda_unidade/Debug/../Core/Inc/Utility.h:547: multiple definition of `ADC_SingleChannel'; ./Core/Src/aula_teorica2_timers.o:D:/Josue/Engenharia de Computacao/microprocessadores-microcontroladores/segunda_unidade/Debug/../Core/Inc/Utility.h:547: first defined here
D:/Arquivos de Programas/STM32CubeIDE_1.18.0/STM32CubeIDE/plugins/com.st.stm32cube.ide.mcu.externaltools.gnu-tools-for-stm32.13.3.rel1.win32_1.0.0.202411081344/tools/bin/../lib/gcc/arm-none-eabi/13.3.1/../../../../arm-none-eabi/bin/ld.exe: ./Core/Src/main.o: in function `ADC_GetSingleConversion':
D:/Josue/Engenharia de Computacao/microprocessadores-microcontroladores/segunda_unidade/Debug/../Core/Inc/Utility.h:577: multiple definition of `ADC_GetSingleConversion'; ./Core/Src/aula_teorica2_timers.o:D:/Josue/Engenharia de Computacao/microprocessadores-microcontroladores/segunda_unidade/Debug/../Core/Inc/Utility.h:577: first defined here
D:/Arquivos de Programas/STM32CubeIDE_1.18.0/STM32CubeIDE/plugins/com.st.stm32cube.ide.mcu.externaltools.gnu-tools-for-stm32.13.3.rel1.win32_1.0.0.202411081344/tools/bin/../lib/gcc/arm-none-eabi/13.3.1/../../../../arm-none-eabi/bin/ld.exe: ./Core/Src/main.o: in function `ADC_MultiChannel':
D:/Josue/Engenharia de Computacao/microprocessadores-microcontroladores/segunda_unidade/Debug/../Core/Inc/Utility.h:590: multiple definition of `ADC_MultiChannel'; ./Core/Src/aula_teorica2_timers.o:D:/Josue/Engenharia de Computacao/microprocessadores-microcontroladores/segunda_unidade/Debug/../Core/Inc/Utility.h:590: first defined here
D:/Arquivos de Programas/STM32CubeIDE_1.18.0/STM32CubeIDE/plugins/com.st.stm32cube.ide.mcu.externaltools.gnu-tools-for-stm32.13.3.rel1.win32_1.0.0.202411081344/tools/bin/../lib/gcc/arm-none-eabi/13.3.1/../../../../arm-none-eabi/bin/ld.exe: ./Core/Src/main.o: in function `ADC_GetMultiConversions':
D:/Josue/Engenharia de Computacao/microprocessadores-microcontroladores/segunda_unidade/Debug/../Core/Inc/Utility.h:645: multiple definition of `ADC_GetMultiConversions'; ./Core/Src/aula_teorica2_timers.o:D:/Josue/Engenharia de Computacao/microprocessadores-microcontroladores/segunda_unidade/Debug/../Core/Inc/Utility.h:645: first defined here
D:/Arquivos de Programas/STM32CubeIDE_1.18.0/STM32CubeIDE/plugins/com.st.stm32cube.ide.mcu.externaltools.gnu-tools-for-stm32.13.3.rel1.win32_1.0.0.202411081344/tools/bin/../lib/gcc/arm-none-eabi/13.3.1/../../../../arm-none-eabi/bin/ld.exe: ./Core/Src/main.o: in function `USART1_Init':
D:/Josue/Engenharia de Computacao/microprocessadores-microcontroladores/segunda_unidade/Debug/../Core/Inc/Utility.h:665: multiple definition of `USART1_Init'; ./Core/Src/aula_teorica2_timers.o:D:/Josue/Engenharia de Computacao/microprocessadores-microcontroladores/segunda_unidade/Debug/../Core/Inc/Utility.h:665: first defined here
D:/Arquivos de Programas/STM32CubeIDE_1.18.0/STM32CubeIDE/plugins/com.st.stm32cube.ide.mcu.externaltools.gnu-tools-for-stm32.13.3.rel1.win32_1.0.0.202411081344/tools/bin/../lib/gcc/arm-none-eabi/13.3.1/../../../../arm-none-eabi/bin/ld.exe: ./Core/Src/main.o: in function `__io_putchar':
D:/Josue/Engenharia de Computacao/microprocessadores-microcontroladores/segunda_unidade/Debug/../Core/Inc/Utility.h:687: multiple definition of `__io_putchar'; ./Core/Src/aula_teorica2_timers.o:D:/Josue/Engenharia de Computacao/microprocessadores-microcontroladores/segunda_unidade/Debug/../Core/Inc/Utility.h:687: first defined here
D:/Arquivos de Programas/STM32CubeIDE_1.18.0/STM32CubeIDE/plugins/com.st.stm32cube.ide.mcu.externaltools.gnu-tools-for-stm32.13.3.rel1.win32_1.0.0.202411081344/tools/bin/../lib/gcc/arm-none-eabi/13.3.1/../../../../arm-none-eabi/bin/ld.exe: ./Core/Src/main.o: in function `__io_getchar':
D:/Josue/Engenharia de Computacao/microprocessadores-microcontroladores/segunda_unidade/Debug/../Core/Inc/Utility.h:695: multiple definition of `__io_getchar'; ./Core/Src/aula_teorica2_timers.o:D:/Josue/Engenharia de Computacao/microprocessadores-microcontroladores/segunda_unidade/Debug/../Core/Inc/Utility.h:695: first defined here
D:/Arquivos de Programas/STM32CubeIDE_1.18.0/STM32CubeIDE/plugins/com.st.stm32cube.ide.mcu.externaltools.gnu-tools-for-stm32.13.3.rel1.win32_1.0.0.202411081344/tools/bin/../lib/gcc/arm-none-eabi/13.3.1/../../../../arm-none-eabi/bin/ld.exe: ./Core/Src/main.o: in function `USART1_IRQHandler':
D:/Josue/Engenharia de Computacao/microprocessadores-microcontroladores/segunda_unidade/Debug/../Core/Inc/Utility.h:701: multiple definition of `USART1_IRQHandler'; ./Core/Src/aula_teorica2_timers.o:D:/Josue/Engenharia de Computacao/microprocessadores-microcontroladores/segunda_unidade/Debug/../Core/Inc/Utility.h:701: first defined here
D:/Arquivos de Programas/STM32CubeIDE_1.18.0/STM32CubeIDE/plugins/com.st.stm32cube.ide.mcu.externaltools.gnu-tools-for-stm32.13.3.rel1.win32_1.0.0.202411081344/tools/bin/../lib/gcc/arm-none-eabi/13.3.1/../../../../arm-none-eabi/bin/ld.exe: ./Core/Src/main.o: in function `Random_Number':
D:/Josue/Engenharia de Computacao/microprocessadores-microcontroladores/segunda_unidade/Debug/../Core/Inc/Utility.h:710: multiple definition of `Random_Number'; ./Core/Src/aula_teorica2_timers.o:D:/Josue/Engenharia de Computacao/microprocessadores-microcontroladores/segunda_unidade/Debug/../Core/Inc/Utility.h:710: first defined here
D:/Arquivos de Programas/STM32CubeIDE_1.18.0/STM32CubeIDE/plugins/com.st.stm32cube.ide.mcu.externaltools.gnu-tools-for-stm32.13.3.rel1.win32_1.0.0.202411081344/tools/bin/../lib/gcc/arm-none-eabi/13.3.1/../../../../arm-none-eabi/bin/ld.exe: ./Core/Src/main.o: in function `main':
D:/Josue/Engenharia de Computacao/microprocessadores-microcontroladores/segunda_unidade/Debug/../Core/Src/main.c:6: multiple definition of `main'; ./Core/Src/aula_teorica2_timers.o:D:/Josue/Engenharia de Computacao/microprocessadores-microcontroladores/segunda_unidade/Debug/../Core/Src/aula_teorica2_timers.c:13: first defined here
collect2.exe: error: ld returned 1 exit status
make: *** [makefile:88: segunda_unidade.elf] Error 1
"make -j8 all" terminated with exit code 2. Build might be incomplete.
22:32:02 **** Incremental Build of configuration Debug for project segunda_estagio ****
make -j8 all 
arm-none-eabi-size  segunda_estagio.elf 
   text	   data	    bss	    dec	    hex	filename
   4812	     12	   1572	   6396	   18fc	segunda_estagio.elf
Finished building: default.size.stdout
 
22:32:02 **** Incremental Build of configuration Debug for project segunda_unidade ****
make -j8 all 
arm-none-eabi-gcc "../Core/Src/aula_teorica2_timers.c" -mcpu=cortex-m4 -std=gnu11 -g3 -DDEBUG -DUSE_HAL_DRIVER -DSTM32F407xx -c -I../Core/Inc -I../Drivers/STM32F4xx_HAL_Driver/Inc -I../Drivers/STM32F4xx_HAL_Driver/Inc/Legacy -I../Drivers/CMSIS/Device/ST/STM32F4xx/Include -I../Drivers/CMSIS/Include -O0 -ffunction-sections -fdata-sections -Wall -fstack-usage -fcyclomatic-complexity -MMD -MP -MF"Core/Src/aula_teorica2_timers.d" -MT"Core/Src/aula_teorica2_timers.o" --specs=nano.specs -mfpu=fpv4-sp-d16 -mfloat-abi=hard -mthumb -o "Core/Src/aula_teorica2_timers.o"
arm-none-eabi-g++ -o "segunda_unidade.elf" @"objects.list"   -mcpu=cortex-m4 -T"D:\Josue\Engenharia de Computacao\microprocessadores-microcontroladores\segunda_unidade\STM32F407VETX_FLASH.ld" --specs=nosys.specs -Wl,-Map="segunda_unidade.map" -Wl,--gc-sections -static --specs=nano.specs -mfpu=fpv4-sp-d16 -mfloat-abi=hard -mthumb -Wl,--start-group -lc -lm -lstdc++ -lsupc++ -Wl,--end-group
Finished building target: segunda_unidade.elf
 
arm-none-eabi-size  segunda_unidade.elf 
arm-none-eabi-objdump -h -S segunda_unidade.elf  > "segunda_unidade.list"
   text	   data	    bss	    dec	    hex	filename
   1884	      4	   1572	   3460	    d84	segunda_unidade.elf
Finished building: default.size.stdout
 
Finished building: segunda_unidade.list
 
22:51:26 **** Incremental Build of configuration Debug for project segunda_estagio ****
make -j8 all 
arm-none-eabi-size  segunda_estagio.elf 
   text	   data	    bss	    dec	    hex	filename
   4812	     12	   1572	   6396	   18fc	segunda_estagio.elf
Finished building: default.size.stdout
 
22:51:26 **** Incremental Build of configuration Debug for project segunda_unidade ****
make -j8 all 
arm-none-eabi-gcc "../Core/Src/main.c" -mcpu=cortex-m4 -std=gnu11 -g3 -DDEBUG -DUSE_HAL_DRIVER -DSTM32F407xx -c -I../Core/Inc -I../Drivers/STM32F4xx_HAL_Driver/Inc -I../Drivers/STM32F4xx_HAL_Driver/Inc/Legacy -I../Drivers/CMSIS/Device/ST/STM32F4xx/Include -I../Drivers/CMSIS/Include -O0 -ffunction-sections -fdata-sections -Wall -fstack-usage -fcyclomatic-complexity -MMD -MP -MF"Core/Src/main.d" -MT"Core/Src/main.o" --specs=nano.specs -mfpu=fpv4-sp-d16 -mfloat-abi=hard -mthumb -o "Core/Src/main.o"
arm-none-eabi-g++ -o "segunda_unidade.elf" @"objects.list"   -mcpu=cortex-m4 -T"D:\Josue\Engenharia de Computacao\microprocessadores-microcontroladores\segunda_unidade\STM32F407VETX_FLASH.ld" --specs=nosys.specs -Wl,-Map="segunda_unidade.map" -Wl,--gc-sections -static --specs=nano.specs -mfpu=fpv4-sp-d16 -mfloat-abi=hard -mthumb -Wl,--start-group -lc -lm -lstdc++ -lsupc++ -Wl,--end-group
Finished building target: segunda_unidade.elf
 
arm-none-eabi-size  segunda_unidade.elf 
arm-none-eabi-objdump -h -S segunda_unidade.elf  > "segunda_unidade.list"
   text	   data	    bss	    dec	    hex	filename
   2264	      4	   1572	   3840	    f00	segunda_unidade.elf
Finished building: default.size.stdout
 
Finished building: segunda_unidade.list
 
22:55:48 **** Incremental Build of configuration Debug for project segunda_estagio ****
make -j8 all 
arm-none-eabi-size  segunda_estagio.elf 
   text	   data	    bss	    dec	    hex	filename
   4812	     12	   1572	   6396	   18fc	segunda_estagio.elf
Finished building: default.size.stdout
 
22:55:48 **** Incremental Build of configuration Debug for project segunda_unidade ****
make -j8 all 
arm-none-eabi-gcc "../Core/Src/main.c" -mcpu=cortex-m4 -std=gnu11 -g3 -DDEBUG -DUSE_HAL_DRIVER -DSTM32F407xx -c -I../Core/Inc -I../Drivers/STM32F4xx_HAL_Driver/Inc -I../Drivers/STM32F4xx_HAL_Driver/Inc/Legacy -I../Drivers/CMSIS/Device/ST/STM32F4xx/Include -I../Drivers/CMSIS/Include -O0 -ffunction-sections -fdata-sections -Wall -fstack-usage -fcyclomatic-complexity -MMD -MP -MF"Core/Src/main.d" -MT"Core/Src/main.o" --specs=nano.specs -mfpu=fpv4-sp-d16 -mfloat-abi=hard -mthumb -o "Core/Src/main.o"
arm-none-eabi-g++ -o "segunda_unidade.elf" @"objects.list"   -mcpu=cortex-m4 -T"D:\Josue\Engenharia de Computacao\microprocessadores-microcontroladores\segunda_unidade\STM32F407VETX_FLASH.ld" --specs=nosys.specs -Wl,-Map="segunda_unidade.map" -Wl,--gc-sections -static --specs=nano.specs -mfpu=fpv4-sp-d16 -mfloat-abi=hard -mthumb -Wl,--start-group -lc -lm -lstdc++ -lsupc++ -Wl,--end-group
Finished building target: segunda_unidade.elf
 
arm-none-eabi-size  segunda_unidade.elf 
arm-none-eabi-objdump -h -S segunda_unidade.elf  > "segunda_unidade.list"
   text	   data	    bss	    dec	    hex	filename
   2344	      4	   1572	   3920	    f50	segunda_unidade.elf
Finished building: default.size.stdout
 
Finished building: segunda_unidade.list
 
