12:15:51 **** Incremental Build of configuration Debug for project primeiro_estagio ****
make -j8 all 
arm-none-eabi-gcc "../Core/Src/main.c" -mcpu=cortex-m4 -std=gnu11 -g3 -DDEBUG -DUSE_HAL_DRIVER -DSTM32F407xx -c -I../Core/Inc -I../Drivers/STM32F4xx_HAL_Driver/Inc -I../Drivers/STM32F4xx_HAL_Driver/Inc/Legacy -I../Drivers/CMSIS/Device/ST/STM32F4xx/Include -I../Drivers/CMSIS/Include -O0 -ffunction-sections -fdata-sections -Wall -fstack-usage -fcyclomatic-complexity -MMD -MP -MF"Core/Src/main.d" -MT"Core/Src/main.o" --specs=nano.specs -mfpu=fpv4-sp-d16 -mfloat-abi=hard -mthumb -o "Core/Src/main.o"
arm-none-eabi-g++ -o "primeiro_estagio.elf" @"objects.list"   -mcpu=cortex-m4 -T"D:\Josue\Engenharia de Computacao\microprocessadores-microcontroladores\primeiro_estagio\STM32F407VETX_FLASH.ld" --specs=nosys.specs -Wl,-Map="primeiro_estagio.map" -Wl,--gc-sections -static --specs=nano.specs -mfpu=fpv4-sp-d16 -mfloat-abi=hard -mthumb -Wl,--start-group -lc -lm -lstdc++ -lsupc++ -Wl,--end-group
Finished building target: primeiro_estagio.elf
 
arm-none-eabi-size  primeiro_estagio.elf 
arm-none-eabi-objdump -h -S primeiro_estagio.elf  > "primeiro_estagio.list"
   text	   data	    bss	    dec	    hex	filename
   2772	     16	   1568	   4356	   1104	primeiro_estagio.elf
Finished building: default.size.stdout
 
Finished building: primeiro_estagio.list
 

12:15:52 Build Finished. 0 errors, 0 warnings. (took 810ms)

