22:55:48 **** Incremental Build of configuration Debug for project segunda_unidade ****
make -j8 all 
arm-none-eabi-gcc "../Core/Src/main.c" -mcpu=cortex-m4 -std=gnu11 -g3 -DDEBUG -DUSE_HAL_DRIVER -DSTM32F407xx -c -I../Core/Inc -I../Drivers/STM32F4xx_HAL_Driver/Inc -I../Drivers/STM32F4xx_HAL_Driver/Inc/Legacy -I../Drivers/CMSIS/Device/ST/STM32F4xx/Include -I../Drivers/CMSIS/Include -O0 -ffunction-sections -fdata-sections -Wall -fstack-usage -fcyclomatic-complexity -MMD -MP -MF"Core/Src/main.d" -MT"Core/Src/main.o" --specs=nano.specs -mfpu=fpv4-sp-d16 -mfloat-abi=hard -mthumb -o "Core/Src/main.o"
arm-none-eabi-g++ -o "segunda_unidade.elf" @"objects.list"   -mcpu=cortex-m4 -T"D:\Josue\Engenharia de Computacao\microprocessadores-microcontroladores\segunda_unidade\STM32F407VETX_FLASH.ld" --specs=nosys.specs -Wl,-Map="segunda_unidade.map" -Wl,--gc-sections -static --specs=nano.specs -mfpu=fpv4-sp-d16 -mfloat-abi=hard -mthumb -Wl,--start-group -lc -lm -lstdc++ -lsupc++ -Wl,--end-group
Finished building target: segunda_unidade.elf
 
arm-none-eabi-size  segunda_unidade.elf 
arm-none-eabi-objdump -h -S segunda_unidade.elf  > "segunda_unidade.list"
   text	   data	    bss	    dec	    hex	filename
   2344	      4	   1572	   3920	    f50	segunda_unidade.elf
Finished building: default.size.stdout
 
Finished building: segunda_unidade.list
 

22:55:49 Build Finished. 0 errors, 0 warnings. (took 1s.76ms)

