../Drivers/CMSIS/Include/core_cm4.h:1653:22:__NVIC_SetPriorityGrouping	24	static
../Core/Inc/Utility.h:132:6:Utility_Init	8	static
../Core/Inc/Utility.h:143:6:Configure_Clock	8	static
../Core/Inc/Utility.h:186:6:TIM2_Setup	4	static
../Core/Inc/Utility.h:196:6:Delay_us	16	static
../Core/Inc/Utility.h:203:6:Delay_ms	24	static
../Core/Inc/Utility.h:214:6:GPIO_Clock_Enable	16	static
../Core/Inc/Utility.h:220:6:GPIO_Pin_Mode	16	static
../Core/Inc/Utility.h:227:6:GPIO_Output_Type	16	static
../Core/Inc/Utility.h:234:20:GPIO_Write_Pin	16	static
../Core/Inc/Utility.h:245:20:GPIO_Toggle_Pin	16	static
../Core/Inc/Utility.h:251:20:GPIO_Write_Port	16	static
../Core/Inc/Utility.h:257:6:GPIO_Resistor_Enable	16	static
../Core/Inc/Utility.h:264:23:GPIO_Read_Pin	16	static
../Core/Inc/Utility.h:283:6:ADC_Init	16	static
../Core/Inc/Utility.h:318:6:ADC_SingleChannel	16	static
../Core/Inc/Utility.h:348:10:ADC_GetSingleConversion	16	static
../Core/Inc/Utility.h:361:6:ADC_MultiChannel	40	static
../Core/Inc/Utility.h:416:6:ADC_GetMultiConversions	32	static
../Core/Inc/Utility.h:433:6:DAC_Init	16	static
../Core/Inc/Utility.h:457:6:DAC_SetValue	16	static
../Core/Inc/Utility.h:483:6:USART1_Init	4	static
../Core/Inc/Utility.h:505:5:__io_putchar	16	static
../Core/Inc/Utility.h:513:5:__io_getchar	4	static
../Core/Inc/Utility.h:519:6:USART1_IRQHandler	8	static
../Core/Inc/Utility.h:528:10:Random_Number	4	static
../Core/Inc/LCD_Blio.h:71:13:LCD_DATA	16	static
../Core/Inc/LCD_Blio.h:80:13:enable_pulse	8	static
../Core/Inc/LCD_Blio.h:89:13:LCD_CMD	16	static
../Core/Inc/LCD_Blio.h:97:6:LCD_Clear	8	static
../Core/Inc/LCD_Blio.h:105:13:LCD_Set_Cursor	24	static
../Core/Inc/LCD_Blio.h:124:6:LCD_Init	16	static
../Core/Inc/LCD_Blio.h:180:13:LCD_Write_Char	24	static
../Core/Inc/LCD_Blio.h:196:6:LCD_Write_String	16	static
../Core/Inc/LCD_Blio.h:222:6:LCD_Display_ON	8	static
../Core/Inc/LCD_Blio.h:229:6:LCD_Display_OFF	8	static
../Core/Inc/LCD_Blio.h:236:6:LCD_Cursor_ON	8	static
../Core/Inc/LCD_Blio.h:243:6:LCD_Cursor_OFF	8	static
../Core/Inc/LCD_Blio.h:250:6:LCD_Blink_ON	8	static
../Core/Inc/LCD_Blio.h:257:6:LCD_Blink_OFF	8	static
../Core/Inc/LCD_Blio.h:264:6:LCD_SHL	8	static
../Core/Inc/LCD_Blio.h:271:6:LCD_SHR	8	static
../Core/Src/main.c:6:6:questao1	8	static
../Core/Src/main.c:13:6:questao2	8	static
../Core/Src/main.c:20:6:questao3	4	static
../Core/Src/main.c:22:6:questao4	16	static
../Core/Src/main.c:43:6:questao5	4	static
../Core/Src/main.c:45:6:questao6	24	static
../Core/Src/main.c:64:6:questao7	8	static
../Core/Src/main.c:90:6:questao8	40	static
../Core/Src/main.c:124:6:questao9	48	static
../Core/Src/main.c:199:6:questao10	56	static
../Core/Src/main.c:243:6:questao11	24	static
../Core/Src/main.c:295:6:questao12	24	static
../Core/Src/main.c:401:6:questao13	8	static
../Core/Src/main.c:418:6:questao14	8	static
../Core/Src/main.c:425:6:questao15	4	static
../Core/Src/main.c:427:6:questao16	4	static
../Core/Src/main.c:429:6:questao17	24	static
../Core/Src/main.c:469:6:questao18	4	static
../Core/Src/main.c:535:6:questao19	24	static
../Core/Src/main.c:588:6:questao20	152	static
../Core/Src/main.c:713:6:setup	4	static
../Core/Src/main.c:716:5:main	8	static
